<html>
<body>
<pre>
<h1>µVision Build Log</h1>
<h2>Tool Versions:</h2>
IDE-Version: ¦ÌVision V5.39.0.0
Copyright (C) 2023 ARM Ltd and ARM Germany GmbH. All rights reserved.
License Information: 11 11, 11, LIC=LSNXV-PJTR0-CXMU6-DCMZ6-K2DWX-GZLUE
 
Tool Versions:
Toolchain:       MDK-ARM Plus  Version: 5.39.0.0
Toolchain Path:  D:\Software\Keil\ARM\ARMCC\Bin
C Compiler:      Armcc.exe V5.06 update 7 (build 960)
Assembler:       Armasm.exe V5.06 update 7 (build 960)
Linker/Locator:  ArmLink.exe V5.06 update 7 (build 960)
Library Manager: ArmAr.exe V5.06 update 7 (build 960)
Hex Converter:   FromElf.exe V5.06 update 7 (build 960)
CPU DLL:         SARMCM3.DLL V5.39.0.0
Dialog DLL:      DARMSTM.DLL V1.69.1.0
Target DLL:      STLink\ST-LINKIII-KEIL_SWO.dll V3.2.0.0
Dialog DLL:      TARMSTM.DLL V1.67.1.0
 
<h2>Project:</h2>
E:\study\ST32_F103ZE_RtThread_development\Project\ST32_F103ZE_RTT_development.uvprojx
Project File Date:  07/24/2024

<h2>Output:</h2>
*** Using Compiler 'V5.06 update 7 (build 960)', folder: 'D:\Software\Keil\ARM\ARMCC\Bin'
Build target 'stm32f103zet6rtthread'
creating preprocessor file for buzzer.c...
creating preprocessor file for board.c...
creating preprocessor file for main.c...
creating preprocessor file for key.c...
creating preprocessor file for rgb.c...
creating preprocessor file for stm32f10x_gpio.c...
creating preprocessor file for stm32f10x_rcc.c...
creating preprocessor file for stm32f10x_usart.c...
creating preprocessor file for uart.c...
compiling board.c...
..\Core\Inc\core_cm3.h(1821): warning:  #47-D: incompatible redefinition of macro "__Vendor_SysTickConfig"  (declared at line 166 of "..\Core\Inc\stm32f10x.h")
  #define __Vendor_SysTickConfig     0U       /*!< Set to 1 if different SysTick Config is used */
..\Driver\Inc\uart.h(16): warning:  #47-D: incompatible redefinition of macro "BUFFER_SIZE"  (declared at line 14)
  #define BUFFER_SIZE 1024
..\rtthread\board.c(114): warning:  #144-D: a value of type "void (*)(void)" cannot be used to initialize an entity of type "const init_fn_t"
  INIT_BOARD_EXPORT(rgbInit);
..\rtthread\board.c(34): warning:  #177-D: function "_SysTick_Config"  was declared but never referenced
  static uint32_t _SysTick_Config(rt_uint32_t ticks)
..\rtthread\board.c: 4 warnings, 0 errors
creating preprocessor file for stm32f10x_it.c...
creating preprocessor file for misc.c...
assembling startup_stm32f10x_hd.s...
creating preprocessor file for system_stm32f10x.c...
creating preprocessor file for clock.c...
creating preprocessor file for components.c...
creating preprocessor file for device.c...
creating preprocessor file for idle.c...
creating preprocessor file for ipc.c...
creating preprocessor file for irq.c...
creating preprocessor file for kservice.c...
creating preprocessor file for memheap.c...
creating preprocessor file for mem.c...
creating preprocessor file for mempool.c...
creating preprocessor file for object.c...
creating preprocessor file for scheduler.c...
creating preprocessor file for thread.c...
creating preprocessor file for signal.c...
creating preprocessor file for timer.c...
creating preprocessor file for cpuport.c...
linking...
Program Size: Code=10800 RO-data=652 RW-data=276 ZI-data=8572  
FromELF: creating hex file...
"..\Output\Objects\ST32_F103ZE_RTT_development.axf" - 0 Error(s), 4 Warning(s).

<h2>Software Packages used:</h2>

Package Vendor: Keil
                http://www.keil.com/pack/Keil.STM32F1xx_DFP.2.3.0.pack
                Keil::STM32F1xx_DFP@2.3.0
                STMicroelectronics STM32F1 Series Device Support, Drivers and Examples

<h2>Collection of Component include folders:</h2>
  D:/Software/Keil/Keil/STM32F1xx_DFP/2.3.0/Device/Include

<h2>Collection of Component Files used:</h2>
Build Time Elapsed:  00:00:03
</pre>
</body>
</html>
