Component: ARM Compiler 5.06 update 7 (build 960) Tool: armlink [4d3601]

==============================================================================

Section Cross References

    main.o(i.LOW_ENTRY) refers to rgb.o(i.rgbRedOn) for rgbRedOn
    main.o(i.LOW_ENTRY) refers to thread.o(i.rt_thread_sleep) for rt_thread_sleep
    main.o(i.LOW_ENTRY) refers to rgb.o(i.rgbRedOff) for rgbRedOff
    main.o(i.main) refers to kservice.o(i.rt_kprintf) for rt_kprintf
    main.o(i.main) refers to thread.o(i.rt_thread_create) for rt_thread_create
    main.o(i.main) refers to thread.o(i.rt_thread_startup) for rt_thread_startup
    main.o(i.main) refers to main.o(i.run_entry) for run_entry
    main.o(i.main) refers to main.o(.data) for root_thread
    main.o(i.main) refers to main.o(i.LOW_ENTRY) for LOW_ENTRY
    main.o(i.run_entry) refers to stm32f10x_gpio.o(i.GPIO_WriteBit) for GPIO_WriteBit
    main.o(i.run_entry) refers to thread.o(i.rt_thread_sleep) for rt_thread_sleep
    board.o(i.SysTick_Handler) refers to irq.o(i.rt_interrupt_enter) for rt_interrupt_enter
    board.o(i.SysTick_Handler) refers to clock.o(i.rt_tick_increase) for rt_tick_increase
    board.o(i.SysTick_Handler) refers to irq.o(i.rt_interrupt_leave) for rt_interrupt_leave
    board.o(i.rt_heap_begin_get) refers to board.o(.bss) for rt_heap
    board.o(i.rt_heap_end_get) refers to board.o(.bss) for rt_heap
    board.o(i.rt_hw_board_init) refers to components.o(i.rt_components_board_init) for rt_components_board_init
    board.o(i.rt_hw_board_init) refers to kservice.o(i.rt_console_set_device) for rt_console_set_device
    board.o(i.rt_hw_board_init) refers to board.o(i.rt_heap_end_get) for rt_heap_end_get
    board.o(i.rt_hw_board_init) refers to board.o(i.rt_heap_begin_get) for rt_heap_begin_get
    board.o(i.rt_hw_board_init) refers to mem.o(i.rt_system_heap_init) for rt_system_heap_init
    board.o(i.rt_hw_board_init) refers to uart.o(i.usart2Init) for usart2Init
    board.o(i.rt_hw_board_init) refers to buzzer.o(i.BuzzerInit) for BuzzerInit
    board.o(i.rt_hw_board_init) refers to system_stm32f10x.o(.data) for SystemCoreClock
    board.o(i.rt_hw_console_output) refers to scheduler.o(i.rt_enter_critical) for rt_enter_critical
    board.o(i.rt_hw_console_output) refers to stm32f10x_usart.o(i.USART_SendData) for USART_SendData
    board.o(i.rt_hw_console_output) refers to stm32f10x_usart.o(i.USART_GetFlagStatus) for USART_GetFlagStatus
    board.o(i.rt_hw_console_output) refers to scheduler.o(i.rt_exit_critical) for rt_exit_critical
    board.o(i.uart_init) refers to uart.o(i.usart1Init) for usart1Init
    board.o(.rti_fn.1) refers to board.o(i.uart_init) for uart_init
    board.o(.rti_fn.1) refers to rgb.o(i.rgbInit) for rgbInit
    buzzer.o(i.BuzzerInit) refers to stm32f10x_rcc.o(i.RCC_APB2PeriphClockCmd) for RCC_APB2PeriphClockCmd
    buzzer.o(i.BuzzerInit) refers to stm32f10x_gpio.o(i.GPIO_Init) for GPIO_Init
    buzzer.o(i.BuzzerInit) refers to stm32f10x_gpio.o(i.GPIO_WriteBit) for GPIO_WriteBit
    rgb.o(i.rgbBlueOff) refers to stm32f10x_gpio.o(i.GPIO_SetBits) for GPIO_SetBits
    rgb.o(i.rgbBlueOn) refers to stm32f10x_gpio.o(i.GPIO_ResetBits) for GPIO_ResetBits
    rgb.o(i.rgbCyanOff) refers to rgb.o(i.rgbGreenOff) for rgbGreenOff
    rgb.o(i.rgbCyanOff) refers to rgb.o(i.rgbBlueOff) for rgbBlueOff
    rgb.o(i.rgbCyanOn) refers to rgb.o(i.rgbGreenOn) for rgbGreenOn
    rgb.o(i.rgbCyanOn) refers to rgb.o(i.rgbBlueOn) for rgbBlueOn
    rgb.o(i.rgbGreenOff) refers to stm32f10x_gpio.o(i.GPIO_SetBits) for GPIO_SetBits
    rgb.o(i.rgbGreenOn) refers to stm32f10x_gpio.o(i.GPIO_ResetBits) for GPIO_ResetBits
    rgb.o(i.rgbInit) refers to stm32f10x_rcc.o(i.RCC_APB2PeriphClockCmd) for RCC_APB2PeriphClockCmd
    rgb.o(i.rgbInit) refers to stm32f10x_gpio.o(i.GPIO_Init) for GPIO_Init
    rgb.o(i.rgbInit) refers to rgb.o(i.rgbRedOff) for rgbRedOff
    rgb.o(i.rgbInit) refers to rgb.o(i.rgbGreenOff) for rgbGreenOff
    rgb.o(i.rgbInit) refers to rgb.o(i.rgbBlueOff) for rgbBlueOff
    rgb.o(i.rgbPurpleOff) refers to rgb.o(i.rgbRedOff) for rgbRedOff
    rgb.o(i.rgbPurpleOff) refers to rgb.o(i.rgbBlueOff) for rgbBlueOff
    rgb.o(i.rgbPurpleOn) refers to rgb.o(i.rgbRedOn) for rgbRedOn
    rgb.o(i.rgbPurpleOn) refers to rgb.o(i.rgbBlueOn) for rgbBlueOn
    rgb.o(i.rgbRedOff) refers to stm32f10x_gpio.o(i.GPIO_SetBits) for GPIO_SetBits
    rgb.o(i.rgbRedOn) refers to stm32f10x_gpio.o(i.GPIO_ResetBits) for GPIO_ResetBits
    rgb.o(i.rgbWhiteOff) refers to rgb.o(i.rgbRedOff) for rgbRedOff
    rgb.o(i.rgbWhiteOff) refers to rgb.o(i.rgbGreenOff) for rgbGreenOff
    rgb.o(i.rgbWhiteOff) refers to rgb.o(i.rgbBlueOff) for rgbBlueOff
    rgb.o(i.rgbWhiteOn) refers to rgb.o(i.rgbRedOn) for rgbRedOn
    rgb.o(i.rgbWhiteOn) refers to rgb.o(i.rgbGreenOn) for rgbGreenOn
    rgb.o(i.rgbWhiteOn) refers to rgb.o(i.rgbBlueOn) for rgbBlueOn
    rgb.o(i.rgbYellowOff) refers to rgb.o(i.rgbRedOff) for rgbRedOff
[...]
    ..\\Driver\\Src\\buzzer.c                0x00000000   Number         0  buzzer.o ABSOLUTE
    ..\\Driver\\Src\\misc.c                  0x00000000   Number         0  misc.o ABSOLUTE
    ..\\Driver\\Src\\rgb.c                   0x00000000   Number         0  rgb.o ABSOLUTE
    ..\\Driver\\Src\\stm32f10x_gpio.c        0x00000000   Number         0  stm32f10x_gpio.o ABSOLUTE
    ..\\Driver\\Src\\stm32f10x_it.c          0x00000000   Number         0  stm32f10x_it.o ABSOLUTE
    ..\\Driver\\Src\\stm32f10x_rcc.c         0x00000000   Number         0  stm32f10x_rcc.o ABSOLUTE
    ..\\Driver\\Src\\stm32f10x_usart.c       0x00000000   Number         0  stm32f10x_usart.o ABSOLUTE
    ..\\Driver\\Src\\uart.c                  0x00000000   Number         0  uart.o ABSOLUTE
    ..\\main\\main.c                         0x00000000   Number         0  main.o ABSOLUTE
    ..\\rtthread\\board.c                    0x00000000   Number         0  board.o ABSOLUTE
    ..\main\main.c                           0x00000000   Number         0  main.o ABSOLUTE
    ..\rtthread\board.c                      0x00000000   Number         0  board.o ABSOLUTE
    ..\rtthread\libcpu\arm\cortex-m3\context_rvds.S 0x00000000   Number         0  context_rvds.o ABSOLUTE
    ..\rtthread\libcpu\arm\cortex-m3\cpuport.c 0x00000000   Number         0  cpuport.o ABSOLUTE
    ..\rtthread\src\clock.c                  0x00000000   Number         0  clock.o ABSOLUTE
    ..\rtthread\src\components.c             0x00000000   Number         0  components.o ABSOLUTE
    ..\rtthread\src\device.c                 0x00000000   Number         0  device.o ABSOLUTE
    ..\rtthread\src\idle.c                   0x00000000   Number         0  idle.o ABSOLUTE
    ..\rtthread\src\ipc.c                    0x00000000   Number         0  ipc.o ABSOLUTE
    ..\rtthread\src\irq.c                    0x00000000   Number         0  irq.o ABSOLUTE
    ..\rtthread\src\kservice.c               0x00000000   Number         0  kservice.o ABSOLUTE
    ..\rtthread\src\mem.c                    0x00000000   Number         0  mem.o ABSOLUTE
    ..\rtthread\src\memheap.c                0x00000000   Number         0  memheap.o ABSOLUTE
    ..\rtthread\src\mempool.c                0x00000000   Number         0  mempool.o ABSOLUTE
    ..\rtthread\src\object.c                 0x00000000   Number         0  object.o ABSOLUTE
    ..\rtthread\src\scheduler.c              0x00000000   Number         0  scheduler.o ABSOLUTE
    ..\rtthread\src\signal.c                 0x00000000   Number         0  signal.o ABSOLUTE
    ..\rtthread\src\thread.c                 0x00000000   Number         0  thread.o ABSOLUTE
    ..\rtthread\src\timer.c                  0x00000000   Number         0  timer.o ABSOLUTE
    dc.s                                     0x00000000   Number         0  dc.o ABSOLUTE
    RESET                                    0x08000000   Section      304  startup_stm32f10x_hd.o(RESET)
    !!!main                                  0x08000130   Section        8  __main.o(!!!main)
    !!!scatter                               0x08000138   Section       52  __scatter.o(!!!scatter)
    !!handler_copy                           0x0800016c   Section       26  __scatter_copy.o(!!handler_copy)
    !!handler_zi                             0x08000188   Section       28  __scatter_zi.o(!!handler_zi)
    .ARM.Collect$$libinit$$00000000          0x080001a4   Section        2  libinit.o(.ARM.Collect$$libinit$$00000000)
    .ARM.Collect$$libinit$$00000002          0x080001a6   Section        0  libinit2.o(.ARM.Collect$$libinit$$00000002)
    .ARM.Collect$$libinit$$00000004          0x080001a6   Section        0  libinit2.o(.ARM.Collect$$libinit$$00000004)
    .ARM.Collect$$libinit$$0000000A          0x080001a6   Section        0  libinit2.o(.ARM.Collect$$libinit$$0000000A)
    .ARM.Collect$$libinit$$0000000C          0x080001a6   Section        0  libinit2.o(.ARM.Collect$$libinit$$0000000C)
    .ARM.Collect$$libinit$$0000000E          0x080001a6   Section        0  libinit2.o(.ARM.Collect$$libinit$$0000000E)
    .ARM.Collect$$libinit$$00000011          0x080001a6   Section        0  libinit2.o(.ARM.Collect$$libinit$$00000011)
    .ARM.Collect$$libinit$$00000013          0x080001a6   Section        0  libinit2.o(.ARM.Collect$$libinit$$00000013)
    .ARM.Collect$$libinit$$00000015          0x080001a6   Section        0  libinit2.o(.ARM.Collect$$libinit$$00000015)
    .ARM.Collect$$libinit$$00000017          0x080001a6   Section        0  libinit2.o(.ARM.Collect$$libinit$$00000017)
    .ARM.Collect$$libinit$$00000019          0x080001a6   Section        0  libinit2.o(.ARM.Collect$$libinit$$00000019)
    .ARM.Collect$$libinit$$0000001B          0x080001a6   Section        0  libinit2.o(.ARM.Collect$$libinit$$0000001B)
    .ARM.Collect$$libinit$$0000001D          0x080001a6   Section        0  libinit2.o(.ARM.Collect$$libinit$$0000001D)
    .ARM.Collect$$libinit$$0000001F          0x080001a6   Section        0  libinit2.o(.ARM.Collect$$libinit$$0000001F)
    .ARM.Collect$$libinit$$00000021          0x080001a6   Section        0  libinit2.o(.ARM.Collect$$libinit$$00000021)
    .ARM.Collect$$libinit$$00000023          0x080001a6   Section        0  libinit2.o(.ARM.Collect$$libinit$$00000023)
    .ARM.Collect$$libinit$$00000025          0x080001a6   Section        0  libinit2.o(.ARM.Collect$$libinit$$00000025)
    .ARM.Collect$$libinit$$0000002C          0x080001a6   Section        0  libinit2.o(.ARM.Collect$$libinit$$0000002C)
    .ARM.Collect$$libinit$$0000002E          0x080001a6   Section        0  libinit2.o(.ARM.Collect$$libinit$$0000002E)
    .ARM.Collect$$libinit$$00000030          0x080001a6   Section        0  libinit2.o(.ARM.Collect$$libinit$$00000030)
    .ARM.Collect$$libinit$$00000032          0x080001a6   Section        0  libinit2.o(.ARM.Collect$$libinit$$00000032)
    .ARM.Collect$$libinit$$00000033          0x080001a6   Section        2  libinit2.o(.ARM.Collect$$libinit$$00000033)
    .ARM.Collect$$libshutdown$$00000000      0x080001a8   Section        2  libshutdown.o(.ARM.Collect$$libshutdown$$00000000)
    .ARM.Collect$$libshutdown$$00000002      0x080001aa   Section        0  libshutdown2.o(.ARM.Collect$$libshutdown$$00000002)
    .ARM.Collect$$libshutdown$$00000004      0x080001aa   Section        0  libshutdown2.o(.ARM.Collect$$libshutdown$$00000004)
    .ARM.Collect$$libshutdown$$00000006      0x080001aa   Section        0  libshutdown2.o(.ARM.Collect$$libshutdown$$00000006)
    .ARM.Collect$$libshutdown$$00000009      0x080001aa   Section        0  libshutdown2.o(.ARM.Collect$$libshutdown$$00000009)
    .ARM.Collect$$libshutdown$$0000000C      0x080001aa   Section        0  libshutdown2.o(.ARM.Collect$$libshutdown$$0000000C)
    .ARM.Collect$$libshutdown$$0000000E      0x080001aa   Section        0  libshutdown2.o(.ARM.Collect$$libshutdown$$0000000E)
    .ARM.Collect$$libshutdown$$00000011      0x080001aa   Section        0  libshutdown2.o(.ARM.Collect$$libshutdown$$00000011)
    .ARM.Collect$$libshutdown$$00000012      0x080001aa   Section        2  libshutdown2.o(.ARM.Collect$$libshutdown$$00000012)
    .ARM.Collect$$rtentry$$00000000          0x080001ac   Section        0  __rtentry.o(.ARM.Collect$$rtentry$$00000000)
    .ARM.Collect$$rtentry$$00000002          0x080001ac   Section        0  __rtentry2.o(.ARM.Collect$$rtentry$$00000002)
    .ARM.Collect$$rtentry$$00000004          0x080001ac   Section        6  __rtentry4.o(.ARM.Collect$$rtentry$$00000004)
    .ARM.Collect$$rtentry$$00000009          0x080001b2   Section        0  __rtentry2.o(.ARM.Collect$$rtentry$$00000009)
    .ARM.Collect$$rtentry$$0000000A          0x080001b2   Section        4  __rtentry2.o(.ARM.Collect$$rtentry$$0000000A)
    .ARM.Collect$$rtentry$$0000000C          0x080001b6   Section        0  __rtentry2.o(.ARM.Collect$$rtentry$$0000000C)
    .ARM.Collect$$rtentry$$0000000D          0x080001b6   Section        8  __rtentry2.o(.ARM.Collect$$rtentry$$0000000D)
    .ARM.Collect$$rtexit$$00000000           0x080001be   Section        2  rtexit.o(.ARM.Collect$$rtexit$$00000000)
    .ARM.Collect$$rtexit$$00000002           0x080001c0   Section        0  rtexit2.o(.ARM.Collect$$rtexit$$00000002)
    .ARM.Collect$$rtexit$$00000003           0x080001c0   Section        4  rtexit2.o(.ARM.Collect$$rtexit$$00000003)
    .ARM.Collect$$rtexit$$00000004           0x080001c4   Section        6  rtexit2.o(.ARM.Collect$$rtexit$$00000004)
    .text                                    0x080001cc   Section       64  startup_stm32f10x_hd.o(.text)
    .text                                    0x0800020c   Section      240  context_rvds.o(.text)
    .text                                    0x080002fc   Section        0  heapauxi.o(.text)
    .text                                    0x08000302   Section       74  sys_stackheap_outer.o(.text)
    .text                                    0x0800034c   Section        0  exit.o(.text)
    .text                                    0x08000360   Section        8  libspace.o(.text)
    .text                                    0x08000368   Section        0  sys_exit.o(.text)
    .text                                    0x08000374   Section        2  use_no_semi.o(.text)
    .text                                    0x08000376   Section        0  indicate_semi.o(.text)
    i.$Sub$$main                             0x08000376   Section        0  components.o(i.$Sub$$main)
    i.BusFault_Handler                       0x08000384   Section        0  stm32f10x_it.o(i.BusFault_Handler)
    i.BuzzerInit                             0x08000388   Section        0  buzzer.o(i.BuzzerInit)
    i.DebugMon_Handler                       0x080003c4   Section        0  stm32f10x_it.o(i.DebugMon_Handler)
    i.GPIO_Init                              0x080003c6   Section        0  stm32f10x_gpio.o(i.GPIO_Init)
    i.GPIO_ResetBits                         0x080004dc   Section        0  stm32f10x_gpio.o(i.GPIO_ResetBits)
    i.GPIO_SetBits                           0x080004e0   Section        0  stm32f10x_gpio.o(i.GPIO_SetBits)
    i.GPIO_WriteBit                          0x080004e4   Section        0  stm32f10x_gpio.o(i.GPIO_WriteBit)
    i.LOW_ENTRY                              0x080004ee   Section        0  main.o(i.LOW_ENTRY)
    i.MemManage_Handler                      0x0800050a   Section        0  stm32f10x_it.o(i.MemManage_Handler)
    i.NMI_Handler                            0x0800050e   Section        0  stm32f10x_it.o(i.NMI_Handler)
    i.NVIC_Init                              0x08000510   Section        0  misc.o(i.NVIC_Init)
    i.RCC_APB1PeriphClockCmd                 0x08000580   Section        0  stm32f10x_rcc.o(i.RCC_APB1PeriphClockCmd)
    i.RCC_APB2PeriphClockCmd                 0x080005a0   Section        0  stm32f10x_rcc.o(i.RCC_APB2PeriphClockCmd)
    i.RCC_GetClocksFreq                      0x080005c0   Section        0  stm32f10x_rcc.o(i.RCC_GetClocksFreq)
    i.SVC_Handler                            0x08000694   Section        0  stm32f10x_it.o(i.SVC_Handler)
    i.SetSysClock                            0x08000696   Section        0  system_stm32f10x.o(i.SetSysClock)
    SetSysClock                              0x08000697   Thumb Code     8  system_stm32f10x.o(i.SetSysClock)
    i.SetSysClockTo72                        0x080006a0   Section        0  system_stm32f10x.o(i.SetSysClockTo72)
    SetSysClockTo72                          0x080006a1   Thumb Code   214  system_stm32f10x.o(i.SetSysClockTo72)
    i.SysTick_Handler                        0x08000780   Section        0  board.o(i.SysTick_Handler)
    i.SystemInit                             0x08000790   Section        0  system_stm32f10x.o(i.SystemInit)
    i.USART1_IRQHandler                      0x080007f0   Section        0  uart.o(i.USART1_IRQHandler)
    i.USART2_IRQHandler                      0x08000898   Section        0  uart.o(i.USART2_IRQHandler)
    i.USART3_IRQHandler                      0x08000940   Section        0  uart.o(i.USART3_IRQHandler)
    i.USART_Cmd                              0x080009e8   Section        0  stm32f10x_usart.o(i.USART_Cmd)
    i.USART_GetFlagStatus                    0x08000a00   Section        0  stm32f10x_usart.o(i.USART_GetFlagStatus)
    i.USART_GetITStatus                      0x08000a1a   Section        0  stm32f10x_usart.o(i.USART_GetITStatus)
    i.USART_ITConfig                         0x08000a6e   Section        0  stm32f10x_usart.o(i.USART_ITConfig)
    i.USART_Init                             0x08000ab8   Section        0  stm32f10x_usart.o(i.USART_Init)
    i.USART_ReceiveData                      0x08000b90   Section        0  stm32f10x_usart.o(i.USART_ReceiveData)
    i.USART_SendData                         0x08000b9a   Section        0  stm32f10x_usart.o(i.USART_SendData)
    i.UsageFault_Handler                     0x08000ba2   Section        0  stm32f10x_it.o(i.UsageFault_Handler)
    i.__rt_ffs                               0x08000ba8   Section        0  kservice.o(i.__rt_ffs)
    i._has_defunct_thread                    0x08000bf4   Section        0  idle.o(i._has_defunct_thread)
    _has_defunct_thread                      0x08000bf5   Thumb Code    16  idle.o(i._has_defunct_thread)
    i._rt_thread_init                        0x08000c08   Section        0  thread.o(i._rt_thread_init)
    _rt_thread_init                          0x08000c09   Thumb Code   124  thread.o(i._rt_thread_init)
    i._rt_timer_init                         0x08000c8c   Section        0  timer.o(i._rt_timer_init)
    _rt_timer_init                           0x08000c8d   Thumb Code    66  timer.o(i._rt_timer_init)
    i._rt_timer_remove                       0x08000cce   Section        0  timer.o(i._rt_timer_remove)
    _rt_timer_remove                         0x08000ccf   Thumb Code    46  timer.o(i._rt_timer_remove)
    i.main                                   0x08000cfc   Section        0  main.o(i.main)
    i.main_thread_entry                      0x08000e30   Section        0  components.o(i.main_thread_entry)
    i.mymain                                 0x08000e3e   Section        0  components.o(i.mymain)
    i.plug_holes                             0x08000e4c   Section        0  mem.o(i.plug_holes)
    plug_holes                               0x08000e4d   Thumb Code   108  mem.o(i.plug_holes)
    i.print_number                           0x08000ec4   Section        0  kservice.o(i.print_number)
    print_number                             0x08000ec5   Thumb Code   388  kservice.o(i.print_number)
    i.rgbBlueOff                             0x08001050   Section        0  rgb.o(i.rgbBlueOff)
    i.rgbGreenOff                            0x08001060   Section        0  rgb.o(i.rgbGreenOff)
    i.rgbInit                                0x08001070   Section        0  rgb.o(i.rgbInit)
    i.rgbRedOff                              0x080010a8   Section        0  rgb.o(i.rgbRedOff)
    i.rgbRedOn                               0x080010b8   Section        0  rgb.o(i.rgbRedOn)
    i.rt_application_init                    0x080010c8   Section        0  components.o(i.rt_application_init)
    i.rt_components_board_init               0x080010f8   Section        0  components.o(i.rt_components_board_init)
    i.rt_components_init                     0x08001114   Section        0  components.o(i.rt_components_init)
    i.rt_console_set_device                  0x08001130   Section        0  kservice.o(i.rt_console_set_device)
    i.rt_device_close                        0x08001164   Section        0  device.o(i.rt_device_close)
    i.rt_device_find                         0x0800119a   Section        0  device.o(i.rt_device_find)
    i.rt_device_open                         0x080011ec   Section        0  device.o(i.rt_device_open)
    i.rt_device_write                        0x080012a0   Section        0  device.o(i.rt_device_write)
    i.rt_enter_critical                      0x080012e0   Section        0  scheduler.o(i.rt_enter_critical)
    i.rt_exit_critical                       0x08001300   Section        0  scheduler.o(i.rt_exit_critical)
    i.rt_free                                0x0800133c   Section        0  mem.o(i.rt_free)
    i.rt_heap_begin_get                      0x0800141c   Section        0  board.o(i.rt_heap_begin_get)
    i.rt_heap_end_get                        0x08001424   Section        0  board.o(i.rt_heap_end_get)
    i.rt_hw_board_init                       0x0800142c   Section        0  board.o(i.rt_hw_board_init)
    i.rt_hw_console_output                   0x080014e0   Section        0  board.o(i.rt_hw_console_output)
    i.rt_hw_hard_fault_exception             0x08001530   Section        0  cpuport.o(i.rt_hw_hard_fault_exception)
    i.rt_hw_stack_init                       0x08001730   Section        0  cpuport.o(i.rt_hw_stack_init)
    i.rt_interrupt_enter                     0x0800177c   Section        0  irq.o(i.rt_interrupt_enter)
    i.rt_interrupt_get_nest                  0x0800179c   Section        0  irq.o(i.rt_interrupt_get_nest)
    i.rt_interrupt_leave                     0x080017a8   Section        0  irq.o(i.rt_interrupt_leave)
    i.rt_ipc_list_resume                     0x080017c8   Section        0  ipc.o(i.rt_ipc_list_resume)
    rt_ipc_list_resume                       0x080017c9   Thumb Code    20  ipc.o(i.rt_ipc_list_resume)
    i.rt_ipc_list_suspend                    0x080017dc   Section        0  ipc.o(i.rt_ipc_list_suspend)
    rt_ipc_list_suspend                      0x080017dd   Thumb Code   108  ipc.o(i.rt_ipc_list_suspend)
    i.rt_ipc_object_init                     0x08001848   Section        0  ipc.o(i.rt_ipc_object_init)
    rt_ipc_object_init                       0x08001849   Thumb Code    16  ipc.o(i.rt_ipc_object_init)
    i.rt_kprintf                             0x08001858   Section        0  kservice.o(i.rt_kprintf)
    i.rt_list_init                           0x080018c0   Section        0  ipc.o(i.rt_list_init)
    rt_list_init                             0x080018c1   Thumb Code     6  ipc.o(i.rt_list_init)
    i.rt_list_init                           0x080018c6   Section        0  scheduler.o(i.rt_list_init)
    rt_list_init                             0x080018c7   Thumb Code     6  scheduler.o(i.rt_list_init)
    i.rt_list_init                           0x080018cc   Section        0  timer.o(i.rt_list_init)
    rt_list_init                             0x080018cd   Thumb Code     6  timer.o(i.rt_list_init)
    i.rt_list_insert_after                   0x080018d2   Section        0  object.o(i.rt_list_insert_after)
    rt_list_insert_after                     0x080018d3   Thumb Code    14  object.o(i.rt_list_insert_after)
    i.rt_list_insert_after                   0x080018e0   Section        0  thread.o(i.rt_list_insert_after)
    rt_list_insert_after                     0x080018e1   Thumb Code    14  thread.o(i.rt_list_insert_after)
    i.rt_list_insert_after                   0x080018ee   Section        0  timer.o(i.rt_list_insert_after)
    rt_list_insert_after                     0x080018ef   Thumb Code    14  timer.o(i.rt_list_insert_after)
    i.rt_list_insert_before                  0x080018fc   Section        0  ipc.o(i.rt_list_insert_before)
    rt_list_insert_before                    0x080018fd   Thumb Code    14  ipc.o(i.rt_list_insert_before)
    i.rt_list_isempty                        0x0800190a   Section        0  ipc.o(i.rt_list_isempty)
    rt_list_isempty                          0x0800190b   Thumb Code    16  ipc.o(i.rt_list_isempty)
    i.rt_list_isempty                        0x0800191a   Section        0  timer.o(i.rt_list_isempty)
    rt_list_isempty                          0x0800191b   Thumb Code    16  timer.o(i.rt_list_isempty)
    i.rt_list_remove                         0x0800192a   Section        0  object.o(i.rt_list_remove)
    rt_list_remove                           0x0800192b   Thumb Code    18  object.o(i.rt_list_remove)
    i.rt_list_remove                         0x0800193c   Section        0  thread.o(i.rt_list_remove)
    rt_list_remove                           0x0800193d   Thumb Code    18  thread.o(i.rt_list_remove)
    i.rt_malloc                              0x08001950   Section        0  mem.o(i.rt_malloc)
    i.rt_memset                              0x08001abc   Section        0  kservice.o(i.rt_memset)
    i.rt_object_allocate                     0x08001b04   Section        0  object.o(i.rt_object_allocate)
    i.rt_object_delete                       0x08001b4e   Section        0  object.o(i.rt_object_delete)
    i.rt_object_detach                       0x08001b6e   Section        0  object.o(i.rt_object_detach)
    i.rt_object_get_information              0x08001b88   Section        0  object.o(i.rt_object_get_information)
    i.rt_object_init                         0x08001bb0   Section        0  object.o(i.rt_object_init)
    i.rt_object_is_systemobject              0x08001bec   Section        0  object.o(i.rt_object_is_systemobject)
    i.rt_schedule                            0x08001c00   Section        0  scheduler.o(i.rt_schedule)
    i.rt_schedule_insert_thread              0x08001c90   Section        0  scheduler.o(i.rt_schedule_insert_thread)
    i.rt_schedule_remove_thread              0x08001ce0   Section        0  scheduler.o(i.rt_schedule_remove_thread)
    i.rt_sem_init                            0x08001d34   Section        0  ipc.o(i.rt_sem_init)
    i.rt_sem_release                         0x08001d5a   Section        0  ipc.o(i.rt_sem_release)
    i.rt_sem_take                            0x08001d94   Section        0  ipc.o(i.rt_sem_take)
    i.rt_set_errno                           0x08001e08   Section        0  kservice.o(i.rt_set_errno)
    i.rt_show_version                        0x08001e30   Section        0  kservice.o(i.rt_show_version)
    i.rt_strlen                              0x08001ee0   Section        0  kservice.o(i.rt_strlen)
    i.rt_strncmp                             0x08001ef2   Section        0  kservice.o(i.rt_strncmp)
    i.rt_strncpy                             0x08001f1a   Section        0  kservice.o(i.rt_strncpy)
    i.rt_system_heap_init                    0x08001f50   Section        0  mem.o(i.rt_system_heap_init)
    i.rt_system_scheduler_init               0x08002048   Section        0  scheduler.o(i.rt_system_scheduler_init)
    i.rt_system_scheduler_start              0x08002094   Section        0  scheduler.o(i.rt_system_scheduler_start)
    i.rt_system_timer_init                   0x080020c4   Section        0  timer.o(i.rt_system_timer_init)
    i.rt_system_timer_thread_init            0x080020e0   Section        0  timer.o(i.rt_system_timer_thread_init)
    i.rt_thread_create                       0x080020e2   Section        0  thread.o(i.rt_thread_create)
    i.rt_thread_exit                         0x08002134   Section        0  thread.o(i.rt_thread_exit)
    i.rt_thread_idle_entry                   0x08002188   Section        0  idle.o(i.rt_thread_idle_entry)
    rt_thread_idle_entry                     0x08002189   Thumb Code     8  idle.o(i.rt_thread_idle_entry)
    i.rt_thread_idle_excute                  0x08002190   Section        0  idle.o(i.rt_thread_idle_excute)
    i.rt_thread_idle_init                    0x08002214   Section        0  idle.o(i.rt_thread_idle_init)
    i.rt_thread_init                         0x08002250   Section        0  thread.o(i.rt_thread_init)
    i.rt_thread_resume                       0x08002284   Section        0  thread.o(i.rt_thread_resume)
    i.rt_thread_self                         0x080022c0   Section        0  thread.o(i.rt_thread_self)
    i.rt_thread_sleep                        0x080022cc   Section        0  thread.o(i.rt_thread_sleep)
    i.rt_thread_startup                      0x08002310   Section        0  thread.o(i.rt_thread_startup)
    i.rt_thread_suspend                      0x0800233c   Section        0  thread.o(i.rt_thread_suspend)
    i.rt_thread_timeout                      0x08002380   Section        0  thread.o(i.rt_thread_timeout)
    i.rt_thread_yield                        0x080023a0   Section        0  thread.o(i.rt_thread_yield)
    i.rt_tick_get                            0x08002404   Section        0  clock.o(i.rt_tick_get)
    i.rt_tick_increase                       0x08002410   Section        0  clock.o(i.rt_tick_increase)
    i.rt_timer_check                         0x08002440   Section        0  timer.o(i.rt_timer_check)
    i.rt_timer_control                       0x080024bc   Section        0  timer.o(i.rt_timer_control)
    i.rt_timer_detach                        0x080024f4   Section        0  timer.o(i.rt_timer_detach)
    i.rt_timer_init                          0x08002514   Section        0  timer.o(i.rt_timer_init)
    i.rt_timer_start                         0x08002544   Section        0  timer.o(i.rt_timer_start)
    i.rt_timer_stop                          0x0800263c   Section        0  timer.o(i.rt_timer_stop)
    i.rt_vsnprintf                           0x0800266c   Section        0  kservice.o(i.rt_vsnprintf)
    i.rti_board_end                          0x08002994   Section        0  components.o(i.rti_board_end)
    rti_board_end                            0x08002995   Thumb Code     4  components.o(i.rti_board_end)
    i.rti_board_start                        0x08002998   Section        0  components.o(i.rti_board_start)
    rti_board_start                          0x08002999   Thumb Code     4  components.o(i.rti_board_start)
    i.rti_end                                0x0800299c   Section        0  components.o(i.rti_end)
    rti_end                                  0x0800299d   Thumb Code     4  components.o(i.rti_end)
    i.rti_start                              0x080029a0   Section        0  components.o(i.rti_start)
    rti_start                                0x080029a1   Thumb Code     4  components.o(i.rti_start)
    i.rtthread_startup                       0x080029a4   Section        0  components.o(i.rtthread_startup)
    i.run_entry                              0x080029d0   Section        0  main.o(i.run_entry)
    i.skip_atoi                              0x08002a00   Section        0  kservice.o(i.skip_atoi)
    skip_atoi                                0x08002a01   Thumb Code    38  kservice.o(i.skip_atoi)
    i.uart_init                              0x08002a26   Section        0  board.o(i.uart_init)
    uart_init                                0x08002a27   Thumb Code    10  board.o(i.uart_init)
    i.usart1Init                             0x08002a30   Section        0  uart.o(i.usart1Init)
    i.usart2Init                             0x08002ad4   Section        0  uart.o(i.usart2Init)
    .constdata                               0x08002b60   Section      290  kservice.o(.constdata)
    small_digits                             0x08002c60   Data          17  kservice.o(.constdata)
    large_digits                             0x08002c71   Data          17  kservice.o(.constdata)
    .rti_fn.0                                0x08002c84   Section        4  components.o(.rti_fn.0)
    __tagsym$$used                           0x08002c84   Number         0  components.o(.rti_fn.0)
    .rti_fn.0.end                            0x08002c88   Section        4  components.o(.rti_fn.0.end)
    __tagsym$$used                           0x08002c88   Number         0  components.o(.rti_fn.0.end)
    .rti_fn.1                                0x08002c8c   Section        8  board.o(.rti_fn.1)
    __tagsym$$used                           0x08002c8c   Number         0  board.o(.rti_fn.1)
    __tagsym$$used                           0x08002c90   Number         0  board.o(.rti_fn.1)
    .rti_fn.1.end                            0x08002c94   Section        4  components.o(.rti_fn.1.end)
    __tagsym$$used                           0x08002c94   Number         0  components.o(.rti_fn.1.end)
    .rti_fn.6.end                            0x08002c98   Section        4  components.o(.rti_fn.6.end)
    __tagsym$$used                           0x08002c98   Number         0  components.o(.rti_fn.6.end)
    .data                                    0x20000000   Section       12  main.o(.data)
    .data                                    0x2000000c   Section       20  stm32f10x_rcc.o(.data)
    APBAHBPrescTable                         0x2000000c   Data          16  stm32f10x_rcc.o(.data)
    ADCPrescTable                            0x2000001c   Data           4  stm32f10x_rcc.o(.data)
    .data                                    0x20000020   Section       50  uart.o(.data)
    .data                                    0x20000054   Section       20  system_stm32f10x.o(.data)
    .data                                    0x20000068   Section        4  clock.o(.data)
    rt_tick                                  0x20000068   Data           4  clock.o(.data)
    .data                                    0x2000006c   Section        1  irq.o(.data)
    .data                                    0x20000070   Section        8  kservice.o(.data)
    __rt_errno                               0x20000070   Data           4  kservice.o(.data)
    _console_device                          0x20000074   Data           4  kservice.o(.data)
    .data                                    0x20000078   Section       24  mem.o(.data)
    heap_ptr                                 0x20000078   Data           4  mem.o(.data)
    heap_end                                 0x2000007c   Data           4  mem.o(.data)
    lfree                                    0x20000080   Data           4  mem.o(.data)
    mem_size_aligned                         0x20000084   Data           4  mem.o(.data)
    used_mem                                 0x20000088   Data           4  mem.o(.data)
    max_mem                                  0x2000008c   Data           4  mem.o(.data)
    .data                                    0x20000090   Section       80  object.o(.data)
    rt_object_container                      0x20000090   Data          80  object.o(.data)
    .data                                    0x200000e0   Section       24  scheduler.o(.data)
    rt_scheduler_lock_nest                   0x200000e0   Data           2  scheduler.o(.data)
    .data                                    0x200000f8   Section       12  timer.o(.data)
    rt_timer_list                            0x200000f8   Data           8  timer.o(.data)
    random_nr                                0x20000100   Data           4  timer.o(.data)
    .data                                    0x20000104   Section       16  cpuport.o(.data)
    rt_exception_hook                        0x20000110   Data           4  cpuport.o(.data)
    .bss                                     0x20000114   Section     4096  board.o(.bss)
    rt_heap                                  0x20000114   Data        4096  board.o(.bss)
    .bss                                     0x20001114   Section     2048  uart.o(.bss)
    .bss                                     0x20001914   Section      376  idle.o(.bss)
    idle                                     0x20001914   Data         120  idle.o(.bss)
    rt_thread_stack                          0x2000198c   Data         256  idle.o(.bss)
    .bss                                     0x20001a8c   Section      128  kservice.o(.bss)
    rt_log_buf                               0x20001a8c   Data         128  kservice.o(.bss)
    .bss                                     0x20001b0c   Section       32  mem.o(.bss)
    heap_sem                                 0x20001b0c   Data          32  mem.o(.bss)
    .bss                                     0x20001b2c   Section      256  scheduler.o(.bss)
    .bss                                     0x20001c2c   Section       96  libspace.o(.bss)
    HEAP                                     0x20001c90   Section      512  startup_stm32f10x_hd.o(HEAP)
    Heap_Mem                                 0x20001c90   Data         512  startup_stm32f10x_hd.o(HEAP)
    STACK                                    0x20001e90   Section     1024  startup_stm32f10x_hd.o(STACK)
    Stack_Mem                                0x20001e90   Data        1024  startup_stm32f10x_hd.o(STACK)
    __initial_sp                             0x20002290   Data           0  startup_stm32f10x_hd.o(STACK)

    Global Symbols

    Symbol Name                              Value     Ov Type        Size  Object(Section)

    BuildAttributes$$THM_ISAv4$P$D$K$B$S$PE$A:L22UL41UL21$X:L11$S22US41US21$IEEE1$IW$USESV6$~STKCKD$USESV7$~SHL$OTIME$ROPI$IEEEJ$EBA8$UX$STANDARDLIB$REQ8$PRES8$EABIv2 0x00000000   Number         0  anon$$obj.o ABSOLUTE
    __ARM_use_no_argv                        0x00000000   Number         0  main.o ABSOLUTE
    _printf_flags                            0x00000000   Number         0  printf_stubs.o ABSOLUTE
    _printf_return_value                     0x00000000   Number         0  printf_stubs.o ABSOLUTE
    _printf_sizespec                         0x00000000   Number         0  printf_stubs.o ABSOLUTE
    _printf_widthprec                        0x00000000   Number         0  printf_stubs.o ABSOLUTE
    __ARM_exceptions_init                     - Undefined Weak Reference
    __alloca_initialize                       - Undefined Weak Reference
    __arm_fini_                               - Undefined Weak Reference
    __arm_preinit_                            - Undefined Weak Reference
    __cpp_initialize__aeabi_                  - Undefined Weak Reference
    __cxa_finalize                            - Undefined Weak Reference
    __sigvec_lookup                           - Undefined Weak Reference
    _atexit_init                              - Undefined Weak Reference
    _call_atexit_fns                          - Undefined Weak Reference
    _clock_init                               - Undefined Weak Reference
    _fp_trap_init                             - Undefined Weak Reference
    _fp_trap_shutdown                         - Undefined Weak Reference
    _get_lc_collate                           - Undefined Weak Reference
    _get_lc_monetary                          - Undefined Weak Reference
    _get_lc_time                              - Undefined Weak Reference
    _getenv_init                              - Undefined Weak Reference
    _handle_redirection                       - Undefined Weak Reference
    _init_alloc                               - Undefined Weak Reference
    _init_user_alloc                          - Undefined Weak Reference
    _initio                                   - Undefined Weak Reference
    _printf_mbtowc                            - Undefined Weak Reference
    _printf_wc                                - Undefined Weak Reference
    _rand_init                                - Undefined Weak Reference
    _signal_finish                            - Undefined Weak Reference
    _signal_init                              - Undefined Weak Reference
    _terminate_alloc                          - Undefined Weak Reference
    _terminate_user_alloc                     - Undefined Weak Reference
    _terminateio                              - Undefined Weak Reference
    __Vectors_Size                           0x00000130   Number         0  startup_stm32f10x_hd.o ABSOLUTE
    __Vectors                                0x08000000   Data           4  startup_stm32f10x_hd.o(RESET)
    __Vectors_End                            0x08000130   Data           0  startup_stm32f10x_hd.o(RESET)
    __main                                   0x08000131   Thumb Code     8  __main.o(!!!main)
    __scatterload                            0x08000139   Thumb Code     0  __scatter.o(!!!scatter)
    __scatterload_rt2                        0x08000139   Thumb Code    44  __scatter.o(!!!scatter)
    __scatterload_rt2_thumb_only             0x08000139   Thumb Code     0  __scatter.o(!!!scatter)
    __scatterload_null                       0x08000147   Thumb Code     0  __scatter.o(!!!scatter)
    __scatterload_copy                       0x0800016d   Thumb Code    26  __scatter_copy.o(!!handler_copy)
    __scatterload_zeroinit                   0x08000189   Thumb Code    28  __scatter_zi.o(!!handler_zi)
    __rt_lib_init                            0x080001a5   Thumb Code     0  libinit.o(.ARM.Collect$$libinit$$00000000)
    __rt_lib_init_alloca_1                   0x080001a7   Thumb Code     0  libinit2.o(.ARM.Collect$$libinit$$0000002E)
    __rt_lib_init_argv_1                     0x080001a7   Thumb Code     0  libinit2.o(.ARM.Collect$$libinit$$0000002C)
    __rt_lib_init_atexit_1                   0x080001a7   Thumb Code     0  libinit2.o(.ARM.Collect$$libinit$$0000001B)
    __rt_lib_init_clock_1                    0x080001a7   Thumb Code     0  libinit2.o(.ARM.Collect$$libinit$$00000021)
    __rt_lib_init_cpp_1                      0x080001a7   Thumb Code     0  libinit2.o(.ARM.Collect$$libinit$$00000032)
    __rt_lib_init_exceptions_1               0x080001a7   Thumb Code     0  libinit2.o(.ARM.Collect$$libinit$$00000030)
    __rt_lib_init_fp_1                       0x080001a7   Thumb Code     0  libinit2.o(.ARM.Collect$$libinit$$00000002)
    __rt_lib_init_fp_trap_1                  0x080001a7   Thumb Code     0  libinit2.o(.ARM.Collect$$libinit$$0000001F)
    __rt_lib_init_getenv_1                   0x080001a7   Thumb Code     0  libinit2.o(.ARM.Collect$$libinit$$00000023)
    __rt_lib_init_heap_1                     0x080001a7   Thumb Code     0  libinit2.o(.ARM.Collect$$libinit$$0000000A)
    __rt_lib_init_lc_collate_1               0x080001a7   Thumb Code     0  libinit2.o(.ARM.Collect$$libinit$$00000011)
    __rt_lib_init_lc_ctype_1                 0x080001a7   Thumb Code     0  libinit2.o(.ARM.Collect$$libinit$$00000013)
    __rt_lib_init_lc_monetary_1              0x080001a7   Thumb Code     0  libinit2.o(.ARM.Collect$$libinit$$00000015)
    __rt_lib_init_lc_numeric_1               0x080001a7   Thumb Code     0  libinit2.o(.ARM.Collect$$libinit$$00000017)
    __rt_lib_init_lc_time_1                  0x080001a7   Thumb Code     0  libinit2.o(.ARM.Collect$$libinit$$00000019)
    __rt_lib_init_preinit_1                  0x080001a7   Thumb Code     0  libinit2.o(.ARM.Collect$$libinit$$00000004)
    __rt_lib_init_rand_1                     0x080001a7   Thumb Code     0  libinit2.o(.ARM.Collect$$libinit$$0000000E)
    __rt_lib_init_return                     0x080001a7   Thumb Code     0  libinit2.o(.ARM.Collect$$libinit$$00000033)
    __rt_lib_init_signal_1                   0x080001a7   Thumb Code     0  libinit2.o(.ARM.Collect$$libinit$$0000001D)
    __rt_lib_init_stdio_1                    0x080001a7   Thumb Code     0  libinit2.o(.ARM.Collect$$libinit$$00000025)
    __rt_lib_init_user_alloc_1               0x080001a7   Thumb Code     0  libinit2.o(.ARM.Collect$$libinit$$0000000C)
    __rt_lib_shutdown                        0x080001a9   Thumb Code     0  libshutdown.o(.ARM.Collect$$libshutdown$$00000000)
    __rt_lib_shutdown_cpp_1                  0x080001ab   Thumb Code     0  libshutdown2.o(.ARM.Collect$$libshutdown$$00000004)
    __rt_lib_shutdown_fini_1                 0x080001ab   Thumb Code     0  libshutdown2.o(.ARM.Collect$$libshutdown$$00000002)
    __rt_lib_shutdown_fp_trap_1              0x080001ab   Thumb Code     0  libshutdown2.o(.ARM.Collect$$libshutdown$$00000009)
    __rt_lib_shutdown_heap_1                 0x080001ab   Thumb Code     0  libshutdown2.o(.ARM.Collect$$libshutdown$$00000011)
    __rt_lib_shutdown_return                 0x080001ab   Thumb Code     0  libshutdown2.o(.ARM.Collect$$libshutdown$$00000012)
    __rt_lib_shutdown_signal_1               0x080001ab   Thumb Code     0  libshutdown2.o(.ARM.Collect$$libshutdown$$0000000C)
    __rt_lib_shutdown_stdio_1                0x080001ab   Thumb Code     0  libshutdown2.o(.ARM.Collect$$libshutdown$$00000006)
    __rt_lib_shutdown_user_alloc_1           0x080001ab   Thumb Code     0  libshutdown2.o(.ARM.Collect$$libshutdown$$0000000E)
    __rt_entry                               0x080001ad   Thumb Code     0  __rtentry.o(.ARM.Collect$$rtentry$$00000000)
    __rt_entry_presh_1                       0x080001ad   Thumb Code     0  __rtentry2.o(.ARM.Collect$$rtentry$$00000002)
    __rt_entry_sh                            0x080001ad   Thumb Code     0  __rtentry4.o(.ARM.Collect$$rtentry$$00000004)
    __rt_entry_li                            0x080001b3   Thumb Code     0  __rtentry2.o(.ARM.Collect$$rtentry$$0000000A)
    __rt_entry_postsh_1                      0x080001b3   Thumb Code     0  __rtentry2.o(.ARM.Collect$$rtentry$$00000009)
    __rt_entry_main                          0x080001b7   Thumb Code     0  __rtentry2.o(.ARM.Collect$$rtentry$$0000000D)
    __rt_entry_postli_1                      0x080001b7   Thumb Code     0  __rtentry2.o(.ARM.Collect$$rtentry$$0000000C)
    __rt_exit                                0x080001bf   Thumb Code     0  rtexit.o(.ARM.Collect$$rtexit$$00000000)
    __rt_exit_ls                             0x080001c1   Thumb Code     0  rtexit2.o(.ARM.Collect$$rtexit$$00000003)
    __rt_exit_prels_1                        0x080001c1   Thumb Code     0  rtexit2.o(.ARM.Collect$$rtexit$$00000002)
    __rt_exit_exit                           0x080001c5   Thumb Code     0  rtexit2.o(.ARM.Collect$$rtexit$$00000004)
    Reset_Handler                            0x080001cd   Thumb Code     8  startup_stm32f10x_hd.o(.text)
    ADC1_2_IRQHandler                        0x080001e7   Thumb Code     0  startup_stm32f10x_hd.o(.text)
    ADC3_IRQHandler                          0x080001e7   Thumb Code     0  startup_stm32f10x_hd.o(.text)
    CAN1_RX1_IRQHandler                      0x080001e7   Thumb Code     0  startup_stm32f10x_hd.o(.text)
    CAN1_SCE_IRQHandler                      0x080001e7   Thumb Code     0  startup_stm32f10x_hd.o(.text)
    DMA1_Channel1_IRQHandler                 0x080001e7   Thumb Code     0  startup_stm32f10x_hd.o(.text)
    DMA1_Channel2_IRQHandler                 0x080001e7   Thumb Code     0  startup_stm32f10x_hd.o(.text)
    DMA1_Channel3_IRQHandler                 0x080001e7   Thumb Code     0  startup_stm32f10x_hd.o(.text)
    DMA1_Channel4_IRQHandler                 0x080001e7   Thumb Code     0  startup_stm32f10x_hd.o(.text)
    DMA1_Channel5_IRQHandler                 0x080001e7   Thumb Code     0  startup_stm32f10x_hd.o(.text)
    DMA1_Channel6_IRQHandler                 0x080001e7   Thumb Code     0  startup_stm32f10x_hd.o(.text)
    DMA1_Channel7_IRQHandler                 0x080001e7   Thumb Code     0  startup_stm32f10x_hd.o(.text)
    DMA2_Channel1_IRQHandler                 0x080001e7   Thumb Code     0  startup_stm32f10x_hd.o(.text)
    DMA2_Channel2_IRQHandler                 0x080001e7   Thumb Code     0  startup_stm32f10x_hd.o(.text)
    DMA2_Channel3_IRQHandler                 0x080001e7   Thumb Code     0  startup_stm32f10x_hd.o(.text)
    DMA2_Channel4_5_IRQHandler               0x080001e7   Thumb Code     0  startup_stm32f10x_hd.o(.text)
    EXTI0_IRQHandler                         0x080001e7   Thumb Code     0  startup_stm32f10x_hd.o(.text)
    EXTI15_10_IRQHandler                     0x080001e7   Thumb Code     0  startup_stm32f10x_hd.o(.text)
    EXTI1_IRQHandler                         0x080001e7   Thumb Code     0  startup_stm32f10x_hd.o(.text)
    EXTI2_IRQHandler                         0x080001e7   Thumb Code     0  startup_stm32f10x_hd.o(.text)
    EXTI3_IRQHandler                         0x080001e7   Thumb Code     0  startup_stm32f10x_hd.o(.text)
    EXTI4_IRQHandler                         0x080001e7   Thumb Code     0  startup_stm32f10x_hd.o(.text)
    EXTI9_5_IRQHandler                       0x080001e7   Thumb Code     0  startup_stm32f10x_hd.o(.text)
    FLASH_IRQHandler                         0x080001e7   Thumb Code     0  startup_stm32f10x_hd.o(.text)
    FSMC_IRQHandler                          0x080001e7   Thumb Code     0  startup_stm32f10x_hd.o(.text)
    I2C1_ER_IRQHandler                       0x080001e7   Thumb Code     0  startup_stm32f10x_hd.o(.text)
    I2C1_EV_IRQHandler                       0x080001e7   Thumb Code     0  startup_stm32f10x_hd.o(.text)
    I2C2_ER_IRQHandler                       0x080001e7   Thumb Code     0  startup_stm32f10x_hd.o(.text)
    I2C2_EV_IRQHandler                       0x080001e7   Thumb Code     0  startup_stm32f10x_hd.o(.text)
    PVD_IRQHandler                           0x080001e7   Thumb Code     0  startup_stm32f10x_hd.o(.text)
    RCC_IRQHandler                           0x080001e7   Thumb Code     0  startup_stm32f10x_hd.o(.text)
    RTCAlarm_IRQHandler                      0x080001e7   Thumb Code     0  startup_stm32f10x_hd.o(.text)
    RTC_IRQHandler                           0x080001e7   Thumb Code     0  startup_stm32f10x_hd.o(.text)
    SDIO_IRQHandler                          0x080001e7   Thumb Code     0  startup_stm32f10x_hd.o(.text)
    SPI1_IRQHandler                          0x080001e7   Thumb Code     0  startup_stm32f10x_hd.o(.text)
    SPI2_IRQHandler                          0x080001e7   Thumb Code     0  startup_stm32f10x_hd.o(.text)
    SPI3_IRQHandler                          0x080001e7   Thumb Code     0  startup_stm32f10x_hd.o(.text)
    TAMPER_IRQHandler                        0x080001e7   Thumb Code     0  startup_stm32f10x_hd.o(.text)
    TIM1_BRK_IRQHandler                      0x080001e7   Thumb Code     0  startup_stm32f10x_hd.o(.text)
    TIM1_CC_IRQHandler                       0x080001e7   Thumb Code     0  startup_stm32f10x_hd.o(.text)
    TIM1_TRG_COM_IRQHandler                  0x080001e7   Thumb Code     0  startup_stm32f10x_hd.o(.text)
    TIM1_UP_IRQHandler                       0x080001e7   Thumb Code     0  startup_stm32f10x_hd.o(.text)
    TIM2_IRQHandler                          0x080001e7   Thumb Code     0  startup_stm32f10x_hd.o(.text)
    TIM3_IRQHandler                          0x080001e7   Thumb Code     0  startup_stm32f10x_hd.o(.text)
    TIM4_IRQHandler                          0x080001e7   Thumb Code     0  startup_stm32f10x_hd.o(.text)
    TIM5_IRQHandler                          0x080001e7   Thumb Code     0  startup_stm32f10x_hd.o(.text)
    TIM6_IRQHandler                          0x080001e7   Thumb Code     0  startup_stm32f10x_hd.o(.text)
    TIM7_IRQHandler                          0x080001e7   Thumb Code     0  startup_stm32f10x_hd.o(.text)
    TIM8_BRK_IRQHandler                      0x080001e7   Thumb Code     0  startup_stm32f10x_hd.o(.text)
    TIM8_CC_IRQHandler                       0x080001e7   Thumb Code     0  startup_stm32f10x_hd.o(.text)
    TIM8_TRG_COM_IRQHandler                  0x080001e7   Thumb Code     0  startup_stm32f10x_hd.o(.text)
    TIM8_UP_IRQHandler                       0x080001e7   Thumb Code     0  startup_stm32f10x_hd.o(.text)
    UART4_IRQHandler                         0x080001e7   Thumb Code     0  startup_stm32f10x_hd.o(.text)
    UART5_IRQHandler                         0x080001e7   Thumb Code     0  startup_stm32f10x_hd.o(.text)
    USBWakeUp_IRQHandler                     0x080001e7   Thumb Code     0  startup_stm32f10x_hd.o(.text)
    USB_HP_CAN1_TX_IRQHandler                0x080001e7   Thumb Code     0  startup_stm32f10x_hd.o(.text)
    USB_LP_CAN1_RX0_IRQHandler               0x080001e7   Thumb Code     0  startup_stm32f10x_hd.o(.text)
    WWDG_IRQHandler                          0x080001e7   Thumb Code     0  startup_stm32f10x_hd.o(.text)
    __user_initial_stackheap                 0x080001e9   Thumb Code     0  startup_stm32f10x_hd.o(.text)
    rt_hw_interrupt_disable                  0x0800020d   Thumb Code     8  context_rvds.o(.text)
    rt_hw_interrupt_enable                   0x08000215   Thumb Code     6  context_rvds.o(.text)
    rt_hw_context_switch                     0x0800021b   Thumb Code    32  context_rvds.o(.text)
    rt_hw_context_switch_interrupt           0x0800021b   Thumb Code     0  context_rvds.o(.text)
    PendSV_Handler                           0x0800023b   Thumb Code    60  context_rvds.o(.text)
    rt_hw_context_switch_to                  0x08000277   Thumb Code    58  context_rvds.o(.text)
    rt_hw_interrupt_thread_switch            0x080002b1   Thumb Code     2  context_rvds.o(.text)
    HardFault_Handler                        0x080002b3   Thumb Code    48  context_rvds.o(.text)
    __use_two_region_memory                  0x080002fd   Thumb Code     2  heapauxi.o(.text)
    __rt_heap_escrow$2region                 0x080002ff   Thumb Code     2  heapauxi.o(.text)
    __rt_heap_expand$2region                 0x08000301   Thumb Code     2  heapauxi.o(.text)
    __user_setup_stackheap                   0x08000303   Thumb Code    74  sys_stackheap_outer.o(.text)
    exit                                     0x0800034d   Thumb Code    18  exit.o(.text)
    __user_libspace                          0x08000361   Thumb Code     8  libspace.o(.text)
    __user_perproc_libspace                  0x08000361   Thumb Code     0  libspace.o(.text)
    __user_perthread_libspace                0x08000361   Thumb Code     0  libspace.o(.text)
    _sys_exit                                0x08000369   Thumb Code     8  sys_exit.o(.text)
    __I$use$semihosting                      0x08000375   Thumb Code     0  use_no_semi.o(.text)
    __use_no_semihosting_swi                 0x08000375   Thumb Code     2  use_no_semi.o(.text)
    __semihosting_library_function           0x08000377   Thumb Code     0  indicate_semi.o(.text)
    main                                     0x08000377   Thumb Code    14  components.o(i.$Sub$$main)
    BusFault_Handler                         0x08000385   Thumb Code     4  stm32f10x_it.o(i.BusFault_Handler)
    BuzzerInit                               0x08000389   Thumb Code    56  buzzer.o(i.BuzzerInit)
    DebugMon_Handler                         0x080003c5   Thumb Code     2  stm32f10x_it.o(i.DebugMon_Handler)
    GPIO_Init                                0x080003c7   Thumb Code   278  stm32f10x_gpio.o(i.GPIO_Init)
    GPIO_ResetBits                           0x080004dd   Thumb Code     4  stm32f10x_gpio.o(i.GPIO_ResetBits)
    GPIO_SetBits                             0x080004e1   Thumb Code     4  stm32f10x_gpio.o(i.GPIO_SetBits)
    GPIO_WriteBit                            0x080004e5   Thumb Code    10  stm32f10x_gpio.o(i.GPIO_WriteBit)
    LOW_ENTRY                                0x080004ef   Thumb Code    28  main.o(i.LOW_ENTRY)
    MemManage_Handler                        0x0800050b   Thumb Code     4  stm32f10x_it.o(i.MemManage_Handler)
    NMI_Handler                              0x0800050f   Thumb Code     2  stm32f10x_it.o(i.NMI_Handler)
    NVIC_Init                                0x08000511   Thumb Code   100  misc.o(i.NVIC_Init)
    RCC_APB1PeriphClockCmd                   0x08000581   Thumb Code    26  stm32f10x_rcc.o(i.RCC_APB1PeriphClockCmd)
    RCC_APB2PeriphClockCmd                   0x080005a1   Thumb Code    26  stm32f10x_rcc.o(i.RCC_APB2PeriphClockCmd)
    RCC_GetClocksFreq                        0x080005c1   Thumb Code   192  stm32f10x_rcc.o(i.RCC_GetClocksFreq)
    SVC_Handler                              0x08000695   Thumb Code     2  stm32f10x_it.o(i.SVC_Handler)
    SysTick_Handler                          0x08000781   Thumb Code    16  board.o(i.SysTick_Handler)
    SystemInit                               0x08000791   Thumb Code    78  system_stm32f10x.o(i.SystemInit)
    USART1_IRQHandler                        0x080007f1   Thumb Code   140  uart.o(i.USART1_IRQHandler)
    USART2_IRQHandler                        0x08000899   Thumb Code   140  uart.o(i.USART2_IRQHandler)
    USART3_IRQHandler                        0x08000941   Thumb Code   140  uart.o(i.USART3_IRQHandler)
    USART_Cmd                                0x080009e9   Thumb Code    24  stm32f10x_usart.o(i.USART_Cmd)
    USART_GetFlagStatus                      0x08000a01   Thumb Code    26  stm32f10x_usart.o(i.USART_GetFlagStatus)
    USART_GetITStatus                        0x08000a1b   Thumb Code    84  stm32f10x_usart.o(i.USART_GetITStatus)
    USART_ITConfig                           0x08000a6f   Thumb Code    74  stm32f10x_usart.o(i.USART_ITConfig)
    USART_Init                               0x08000ab9   Thumb Code   210  stm32f10x_usart.o(i.USART_Init)
    USART_ReceiveData                        0x08000b91   Thumb Code    10  stm32f10x_usart.o(i.USART_ReceiveData)
    USART_SendData                           0x08000b9b   Thumb Code     8  stm32f10x_usart.o(i.USART_SendData)
    UsageFault_Handler                       0x08000ba3   Thumb Code     4  stm32f10x_it.o(i.UsageFault_Handler)
    __rt_ffs                                 0x08000ba9   Thumb Code    70  kservice.o(i.__rt_ffs)
    $Super$$main                             0x08000cfd   Thumb Code   132  main.o(i.main)
    main_thread_entry                        0x08000e31   Thumb Code    14  components.o(i.main_thread_entry)
    mymain                                   0x08000e3f   Thumb Code    14  components.o(i.mymain)
    rgbBlueOff                               0x08001051   Thumb Code    12  rgb.o(i.rgbBlueOff)
    rgbGreenOff                              0x08001061   Thumb Code    12  rgb.o(i.rgbGreenOff)
    rgbInit                                  0x08001071   Thumb Code    50  rgb.o(i.rgbInit)
    rgbRedOff                                0x080010a9   Thumb Code    12  rgb.o(i.rgbRedOff)
    rgbRedOn                                 0x080010b9   Thumb Code    12  rgb.o(i.rgbRedOn)
    rt_application_init                      0x080010c9   Thumb Code    34  components.o(i.rt_application_init)
    rt_components_board_init                 0x080010f9   Thumb Code    20  components.o(i.rt_components_board_init)
    rt_components_init                       0x08001115   Thumb Code    20  components.o(i.rt_components_init)
    rt_console_set_device                    0x08001131   Thumb Code    48  kservice.o(i.rt_console_set_device)
    rt_device_close                          0x08001165   Thumb Code    54  device.o(i.rt_device_close)
    rt_device_find                           0x0800119b   Thumb Code    82  device.o(i.rt_device_find)
    rt_device_open                           0x080011ed   Thumb Code   122  device.o(i.rt_device_open)
    rt_device_write                          0x080012a1   Thumb Code    62  device.o(i.rt_device_write)
    rt_enter_critical                        0x080012e1   Thumb Code    28  scheduler.o(i.rt_enter_critical)
    rt_exit_critical                         0x08001301   Thumb Code    54  scheduler.o(i.rt_exit_critical)
    rt_free                                  0x0800133d   Thumb Code   128  mem.o(i.rt_free)
    rt_heap_begin_get                        0x0800141d   Thumb Code     4  board.o(i.rt_heap_begin_get)
    rt_heap_end_get                          0x08001425   Thumb Code     4  board.o(i.rt_heap_end_get)
    rt_hw_board_init                         0x0800142d   Thumb Code   154  board.o(i.rt_hw_board_init)
    rt_hw_console_output                     0x080014e1   Thumb Code    74  board.o(i.rt_hw_console_output)
    rt_hw_hard_fault_exception               0x08001531   Thumb Code   190  cpuport.o(i.rt_hw_hard_fault_exception)
    rt_hw_stack_init                         0x08001731   Thumb Code    70  cpuport.o(i.rt_hw_stack_init)
    rt_interrupt_enter                       0x0800177d   Thumb Code    26  irq.o(i.rt_interrupt_enter)
    rt_interrupt_get_nest                    0x0800179d   Thumb Code     6  irq.o(i.rt_interrupt_get_nest)
    rt_interrupt_leave                       0x080017a9   Thumb Code    26  irq.o(i.rt_interrupt_leave)
    rt_kprintf                               0x08001859   Thumb Code    96  kservice.o(i.rt_kprintf)
    rt_malloc                                0x08001951   Thumb Code   336  mem.o(i.rt_malloc)
    rt_memset                                0x08001abd   Thumb Code    72  kservice.o(i.rt_memset)
    rt_object_allocate                       0x08001b05   Thumb Code    74  object.o(i.rt_object_allocate)
    rt_object_delete                         0x08001b4f   Thumb Code    32  object.o(i.rt_object_delete)
    rt_object_detach                         0x08001b6f   Thumb Code    26  object.o(i.rt_object_detach)
    rt_object_get_information                0x08001b89   Thumb Code    36  object.o(i.rt_object_get_information)
    rt_object_init                           0x08001bb1   Thumb Code    60  object.o(i.rt_object_init)
    rt_object_is_systemobject                0x08001bed   Thumb Code    18  object.o(i.rt_object_is_systemobject)
    rt_schedule                              0x08001c01   Thumb Code   118  scheduler.o(i.rt_schedule)
    rt_schedule_insert_thread                0x08001c91   Thumb Code    72  scheduler.o(i.rt_schedule_insert_thread)
    rt_schedule_remove_thread                0x08001ce1   Thumb Code    76  scheduler.o(i.rt_schedule_remove_thread)
    rt_sem_init                              0x08001d35   Thumb Code    38  ipc.o(i.rt_sem_init)
    rt_sem_release                           0x08001d5b   Thumb Code    58  ipc.o(i.rt_sem_release)
    rt_sem_take                              0x08001d95   Thumb Code   116  ipc.o(i.rt_sem_take)
    rt_set_errno                             0x08001e09   Thumb Code    36  kservice.o(i.rt_set_errno)
    rt_show_version                          0x08001e31   Thumb Code    38  kservice.o(i.rt_show_version)
    rt_strlen                                0x08001ee1   Thumb Code    18  kservice.o(i.rt_strlen)
    rt_strncmp                               0x08001ef3   Thumb Code    40  kservice.o(i.rt_strncmp)
    rt_strncpy                               0x08001f1b   Thumb Code    52  kservice.o(i.rt_strncpy)
    rt_system_heap_init                      0x08001f51   Thumb Code   160  mem.o(i.rt_system_heap_init)
    rt_system_scheduler_init                 0x08002049   Thumb Code    52  scheduler.o(i.rt_system_scheduler_init)
    rt_system_scheduler_start                0x08002095   Thumb Code    36  scheduler.o(i.rt_system_scheduler_start)
    rt_system_timer_init                     0x080020c5   Thumb Code    24  timer.o(i.rt_system_timer_init)
    rt_system_timer_thread_init              0x080020e1   Thumb Code     2  timer.o(i.rt_system_timer_thread_init)
    rt_thread_create                         0x080020e3   Thumb Code    80  thread.o(i.rt_thread_create)
    rt_thread_exit                           0x08002135   Thumb Code    76  thread.o(i.rt_thread_exit)
    rt_thread_idle_excute                    0x08002191   Thumb Code   128  idle.o(i.rt_thread_idle_excute)
    rt_thread_idle_init                      0x08002215   Thumb Code    38  idle.o(i.rt_thread_idle_init)
    rt_thread_init                           0x08002251   Thumb Code    52  thread.o(i.rt_thread_init)
    rt_thread_resume                         0x08002285   Thumb Code    60  thread.o(i.rt_thread_resume)
    rt_thread_self                           0x080022c1   Thumb Code     6  thread.o(i.rt_thread_self)
    rt_thread_sleep                          0x080022cd   Thumb Code    62  thread.o(i.rt_thread_sleep)
    rt_thread_startup                        0x08002311   Thumb Code    44  thread.o(i.rt_thread_startup)
    rt_thread_suspend                        0x0800233d   Thumb Code    68  thread.o(i.rt_thread_suspend)
    rt_thread_timeout                        0x08002381   Thumb Code    32  thread.o(i.rt_thread_timeout)
    rt_thread_yield                          0x080023a1   Thumb Code    92  thread.o(i.rt_thread_yield)
    rt_tick_get                              0x08002405   Thumb Code     6  clock.o(i.rt_tick_get)
    rt_tick_increase                         0x08002411   Thumb Code    42  clock.o(i.rt_tick_increase)
    rt_timer_check                           0x08002441   Thumb Code   118  timer.o(i.rt_timer_check)
    rt_timer_control                         0x080024bd   Thumb Code    56  timer.o(i.rt_timer_control)
    rt_timer_detach                          0x080024f5   Thumb Code    32  timer.o(i.rt_timer_detach)
    rt_timer_init                            0x08002515   Thumb Code    46  timer.o(i.rt_timer_init)
    rt_timer_start                           0x08002545   Thumb Code   238  timer.o(i.rt_timer_start)
    rt_timer_stop                            0x0800263d   Thumb Code    48  timer.o(i.rt_timer_stop)
    rt_vsnprintf                             0x0800266d   Thumb Code   800  kservice.o(i.rt_vsnprintf)
    rtthread_startup                         0x080029a5   Thumb Code    42  components.o(i.rtthread_startup)
    run_entry                                0x080029d1   Thumb Code    44  main.o(i.run_entry)
    usart1Init                               0x08002a31   Thumb Code   156  uart.o(i.usart1Init)
    usart2Init                               0x08002ad5   Thumb Code   130  uart.o(i.usart2Init)
    __lowest_bit_bitmap                      0x08002b60   Data         256  kservice.o(.constdata)
    __rt_init_rti_start                      0x08002c84   Data           4  components.o(.rti_fn.0)
    __rt_init_rti_board_start                0x08002c88   Data           4  components.o(.rti_fn.0.end)
    __rt_init_uart_init                      0x08002c8c   Data           4  board.o(.rti_fn.1)
    __rt_init_rgbInit                        0x08002c90   Data           4  board.o(.rti_fn.1)
    __rt_init_rti_board_end                  0x08002c94   Data           4  components.o(.rti_fn.1.end)
    __rt_init_rti_end                        0x08002c98   Data           4  components.o(.rti_fn.6.end)
    Region$$Table$$Base                      0x08002c9c   Number         0  anon$$obj.o(Region$$Table)
    Region$$Table$$Limit                     0x08002cbc   Number         0  anon$$obj.o(Region$$Table)
    root_thread                              0x20000000   Data           4  main.o(.data)
    thread_result                            0x20000004   Data           4  main.o(.data)
    LOW_THREAD_ID                            0x20000008   Data           4  main.o(.data)
    txWriteIndex                             0x20000020   Data           2  uart.o(.data)
    txReadIndex                              0x20000022   Data           2  uart.o(.data)
    rxWriteIndex                             0x20000024   Data           2  uart.o(.data)
    rxReadIndex                              0x20000026   Data           2  uart.o(.data)
    Usart1Connfig                            0x20000028   Data           6  uart.o(.data)
    Usart2Connfig                            0x2000002e   Data           6  uart.o(.data)
    Usart3Connfig                            0x20000034   Data           6  uart.o(.data)
    usart_recv_data_flag                     0x2000003a   Data           1  uart.o(.data)
    usart_num                                0x2000003c   Data          20  uart.o(.data)
    CMD_FLAG                                 0x20000050   Data           2  uart.o(.data)
    SystemCoreClock                          0x20000054   Data           4  system_stm32f10x.o(.data)
    AHBPrescTable                            0x20000058   Data          16  system_stm32f10x.o(.data)
    rt_interrupt_nest                        0x2000006c   Data           1  irq.o(.data)
    rt_current_thread                        0x200000e4   Data           4  scheduler.o(.data)
    rt_current_priority                      0x200000e8   Data           1  scheduler.o(.data)
    rt_thread_ready_priority_group           0x200000ec   Data           4  scheduler.o(.data)
    rt_thread_defunct                        0x200000f0   Data           8  scheduler.o(.data)
    rt_interrupt_from_thread                 0x20000104   Data           4  cpuport.o(.data)
    rt_interrupt_to_thread                   0x20000108   Data           4  cpuport.o(.data)
    rt_thread_switch_interrupt_flag          0x2000010c   Data           4  cpuport.o(.data)
    txBuffer                                 0x20001114   Data        1024  uart.o(.bss)
    rxBuffer                                 0x20001514   Data        1024  uart.o(.bss)
    rt_thread_priority_table                 0x20001b2c   Data         256  scheduler.o(.bss)
    __libspace_start                         0x20001c2c   Data          96  libspace.o(.bss)
    __temporary_stack_top$libspace           0x20001c8c   Data           0  libspace.o(.bss)



==============================================================================

Memory Map of the image

  Image Entry point : 0x08000131

  Load Region LR_IROM1 (Base: 0x08000000, Size: 0x00002dd0, Max: 0x00080000, ABSOLUTE)

    Execution Region ER_IROM1 (Exec base: 0x08000000, Load base: 0x08000000, Size: 0x00002cbc, Max: 0x00080000, ABSOLUTE)

    Exec Addr    Load Addr    Size         Type   Attr      Idx    E Section Name        Object

    0x08000000   0x08000000   0x00000130   Data   RO         1342    RESET               startup_stm32f10x_hd.o
    0x08000130   0x08000130   0x00000008   Code   RO         2426  * !!!main             c_w.l(__main.o)
    0x08000138   0x08000138   0x00000034   Code   RO         2751    !!!scatter          c_w.l(__scatter.o)
    0x0800016c   0x0800016c   0x0000001a   Code   RO         2753    !!handler_copy      c_w.l(__scatter_copy.o)
    0x08000186   0x08000186   0x00000002   PAD
    0x08000188   0x08000188   0x0000001c   Code   RO         2755    !!handler_zi        c_w.l(__scatter_zi.o)
    0x080001a4   0x080001a4   0x00000002   Code   RO         2609    .ARM.Collect$$libinit$$00000000  c_w.l(libinit.o)
    0x080001a6   0x080001a6   0x00000000   Code   RO         2626    .ARM.Collect$$libinit$$00000002  c_w.l(libinit2.o)
    0x080001a6   0x080001a6   0x00000000   Code   RO         2628    .ARM.Collect$$libinit$$00000004  c_w.l(libinit2.o)
    0x080001a6   0x080001a6   0x00000000   Code   RO         2631    .ARM.Collect$$libinit$$0000000A  c_w.l(libinit2.o)
    0x080001a6   0x080001a6   0x00000000   Code   RO         2633    .ARM.Collect$$libinit$$0000000C  c_w.l(libinit2.o)
    0x080001a6   0x080001a6   0x00000000   Code   RO         2635    .ARM.Collect$$libinit$$0000000E  c_w.l(libinit2.o)
    0x080001a6   0x080001a6   0x00000000   Code   RO         2638    .ARM.Collect$$libinit$$00000011  c_w.l(libinit2.o)
    0x080001a6   0x080001a6   0x00000000   Code   RO         2640    .ARM.Collect$$libinit$$00000013  c_w.l(libinit2.o)
    0x080001a6   0x080001a6   0x00000000   Code   RO         2642    .ARM.Collect$$libinit$$00000015  c_w.l(libinit2.o)
    0x080001a6   0x080001a6   0x00000000   Code   RO         2644    .ARM.Collect$$libinit$$00000017  c_w.l(libinit2.o)
    0x080001a6   0x080001a6   0x00000000   Code   RO         2646    .ARM.Collect$$libinit$$00000019  c_w.l(libinit2.o)
    0x080001a6   0x080001a6   0x00000000   Code   RO         2648    .ARM.Collect$$libinit$$0000001B  c_w.l(libinit2.o)
    0x080001a6   0x080001a6   0x00000000   Code   RO         2650    .ARM.Collect$$libinit$$0000001D  c_w.l(libinit2.o)
    0x080001a6   0x080001a6   0x00000000   Code   RO         2652    .ARM.Collect$$libinit$$0000001F  c_w.l(libinit2.o)
    0x080001a6   0x080001a6   0x00000000   Code   RO         2654    .ARM.Collect$$libinit$$00000021  c_w.l(libinit2.o)
    0x080001a6   0x080001a6   0x00000000   Code   RO         2656    .ARM.Collect$$libinit$$00000023  c_w.l(libinit2.o)
    0x080001a6   0x080001a6   0x00000000   Code   RO         2658    .ARM.Collect$$libinit$$00000025  c_w.l(libinit2.o)
    0x080001a6   0x080001a6   0x00000000   Code   RO         2662    .ARM.Collect$$libinit$$0000002C  c_w.l(libinit2.o)
    0x080001a6   0x080001a6   0x00000000   Code   RO         2664    .ARM.Collect$$libinit$$0000002E  c_w.l(libinit2.o)
    0x080001a6   0x080001a6   0x00000000   Code   RO         2666    .ARM.Collect$$libinit$$00000030  c_w.l(libinit2.o)
    0x080001a6   0x080001a6   0x00000000   Code   RO         2668    .ARM.Collect$$libinit$$00000032  c_w.l(libinit2.o)
    0x080001a6   0x080001a6   0x00000002   Code   RO         2669    .ARM.Collect$$libinit$$00000033  c_w.l(libinit2.o)
    0x080001a8   0x080001a8   0x00000002   Code   RO         2689    .ARM.Collect$$libshutdown$$00000000  c_w.l(libshutdown.o)
    0x080001aa   0x080001aa   0x00000000   Code   RO         2702    .ARM.Collect$$libshutdown$$00000002  c_w.l(libshutdown2.o)
    0x080001aa   0x080001aa   0x00000000   Code   RO         2704    .ARM.Collect$$libshutdown$$00000004  c_w.l(libshutdown2.o)
    0x080001aa   0x080001aa   0x00000000   Code   RO         2706    .ARM.Collect$$libshutdown$$00000006  c_w.l(libshutdown2.o)
    0x080001aa   0x080001aa   0x00000000   Code   RO         2709    .ARM.Collect$$libshutdown$$00000009  c_w.l(libshutdown2.o)
    0x080001aa   0x080001aa   0x00000000   Code   RO         2712    .ARM.Collect$$libshutdown$$0000000C  c_w.l(libshutdown2.o)
    0x080001aa   0x080001aa   0x00000000   Code   RO         2714    .ARM.Collect$$libshutdown$$0000000E  c_w.l(libshutdown2.o)
    0x080001aa   0x080001aa   0x00000000   Code   RO         2717    .ARM.Collect$$libshutdown$$00000011  c_w.l(libshutdown2.o)
    0x080001aa   0x080001aa   0x00000002   Code   RO         2718    .ARM.Collect$$libshutdown$$00000012  c_w.l(libshutdown2.o)
    0x080001ac   0x080001ac   0x00000000   Code   RO         2428    .ARM.Collect$$rtentry$$00000000  c_w.l(__rtentry.o)
    0x080001ac   0x080001ac   0x00000000   Code   RO         2531    .ARM.Collect$$rtentry$$00000002  c_w.l(__rtentry2.o)
    0x080001ac   0x080001ac   0x00000006   Code   RO         2543    .ARM.Collect$$rtentry$$00000004  c_w.l(__rtentry4.o)
    0x080001b2   0x080001b2   0x00000000   Code   RO         2533    .ARM.Collect$$rtentry$$00000009  c_w.l(__rtentry2.o)
    0x080001b2   0x080001b2   0x00000004   Code   RO         2534    .ARM.Collect$$rtentry$$0000000A  c_w.l(__rtentry2.o)
    0x080001b6   0x080001b6   0x00000000   Code   RO         2536    .ARM.Collect$$rtentry$$0000000C  c_w.l(__rtentry2.o)
    0x080001b6   0x080001b6   0x00000008   Code   RO         2537    .ARM.Collect$$rtentry$$0000000D  c_w.l(__rtentry2.o)
    0x080001be   0x080001be   0x00000002   Code   RO         2618    .ARM.Collect$$rtexit$$00000000  c_w.l(rtexit.o)
    0x080001c0   0x080001c0   0x00000000   Code   RO         2671    .ARM.Collect$$rtexit$$00000002  c_w.l(rtexit2.o)
    0x080001c0   0x080001c0   0x00000004   Code   RO         2672    .ARM.Collect$$rtexit$$00000003  c_w.l(rtexit2.o)
    0x080001c4   0x080001c4   0x00000006   Code   RO         2673    .ARM.Collect$$rtexit$$00000004  c_w.l(rtexit2.o)
    0x080001ca   0x080001ca   0x00000002   PAD
    0x080001cc   0x080001cc   0x00000040   Code   RO         1343    .text               startup_stm32f10x_hd.o
    0x0800020c   0x0800020c   0x000000f0   Code   RO         2416    .text               context_rvds.o
    0x080002fc   0x080002fc   0x00000006   Code   RO         2424    .text               c_w.l(heapauxi.o)
    0x08000302   0x08000302   0x0000004a   Code   RO         2563    .text               c_w.l(sys_stackheap_outer.o)
    0x0800034c   0x0800034c   0x00000012   Code   RO         2602    .text               c_w.l(exit.o)
    0x0800035e   0x0800035e   0x00000002   PAD
    0x08000360   0x08000360   0x00000008   Code   RO         2615    .text               c_w.l(libspace.o)
    0x08000368   0x08000368   0x0000000c   Code   RO         2681    .text               c_w.l(sys_exit.o)
    0x08000374   0x08000374   0x00000002   Code   RO         2692    .text               c_w.l(use_no_semi.o)
    0x08000376   0x08000376   0x00000000   Code   RO         2694    .text               c_w.l(indicate_semi.o)
    0x08000376   0x08000376   0x0000000e   Code   RO         1385    i.$Sub$$main        components.o
    0x08000384   0x08000384   0x00000004   Code   RO         1192    i.BusFault_Handler  stm32f10x_it.o
    0x08000388   0x08000388   0x0000003c   Code   RO          291    i.BuzzerInit        buzzer.o
    0x080003c4   0x080003c4   0x00000002   Code   RO         1193    i.DebugMon_Handler  stm32f10x_it.o
    0x080003c6   0x080003c6   0x00000116   Code   RO          523    i.GPIO_Init         stm32f10x_gpio.o
    0x080004dc   0x080004dc   0x00000004   Code   RO          530    i.GPIO_ResetBits    stm32f10x_gpio.o
    0x080004e0   0x080004e0   0x00000004   Code   RO          531    i.GPIO_SetBits      stm32f10x_gpio.o
    0x080004e4   0x080004e4   0x0000000a   Code   RO          534    i.GPIO_WriteBit     stm32f10x_gpio.o
    0x080004ee   0x080004ee   0x0000001c   Code   RO            4    i.LOW_ENTRY         main.o
    0x0800050a   0x0800050a   0x00000004   Code   RO         1194    i.MemManage_Handler  stm32f10x_it.o
    0x0800050e   0x0800050e   0x00000002   Code   RO         1195    i.NMI_Handler       stm32f10x_it.o
    0x08000510   0x08000510   0x00000070   Code   RO         1249    i.NVIC_Init         misc.o
    0x08000580   0x08000580   0x00000020   Code   RO          693    i.RCC_APB1PeriphClockCmd  stm32f10x_rcc.o
    0x080005a0   0x080005a0   0x00000020   Code   RO          695    i.RCC_APB2PeriphClockCmd  stm32f10x_rcc.o
    0x080005c0   0x080005c0   0x000000d4   Code   RO          703    i.RCC_GetClocksFreq  stm32f10x_rcc.o
    0x08000694   0x08000694   0x00000002   Code   RO         1196    i.SVC_Handler       stm32f10x_it.o
    0x08000696   0x08000696   0x00000008   Code   RO         1297    i.SetSysClock       system_stm32f10x.o
    0x0800069e   0x0800069e   0x00000002   PAD
    0x080006a0   0x080006a0   0x000000e0   Code   RO         1298    i.SetSysClockTo72   system_stm32f10x.o
    0x08000780   0x08000780   0x00000010   Code   RO          222    i.SysTick_Handler   board.o
    0x08000790   0x08000790   0x00000060   Code   RO         1300    i.SystemInit        system_stm32f10x.o
    0x080007f0   0x080007f0   0x000000a8   Code   RO         1095    i.USART1_IRQHandler  uart.o
    0x08000898   0x08000898   0x000000a8   Code   RO         1096    i.USART2_IRQHandler  uart.o
    0x08000940   0x08000940   0x000000a8   Code   RO         1097    i.USART3_IRQHandler  uart.o
    0x080009e8   0x080009e8   0x00000018   Code   RO          907    i.USART_Cmd         stm32f10x_usart.o
    0x08000a00   0x08000a00   0x0000001a   Code   RO          910    i.USART_GetFlagStatus  stm32f10x_usart.o
    0x08000a1a   0x08000a1a   0x00000054   Code   RO          911    i.USART_GetITStatus  stm32f10x_usart.o
    0x08000a6e   0x08000a6e   0x0000004a   Code   RO          913    i.USART_ITConfig    stm32f10x_usart.o
    0x08000ab8   0x08000ab8   0x000000d8   Code   RO          914    i.USART_Init        stm32f10x_usart.o
    0x08000b90   0x08000b90   0x0000000a   Code   RO          921    i.USART_ReceiveData  stm32f10x_usart.o
    0x08000b9a   0x08000b9a   0x00000008   Code   RO          924    i.USART_SendData    stm32f10x_usart.o
    0x08000ba2   0x08000ba2   0x00000004   Code   RO         1197    i.UsageFault_Handler  stm32f10x_it.o
    0x08000ba6   0x08000ba6   0x00000002   PAD
    0x08000ba8   0x08000ba8   0x0000004c   Code   RO         1759    i.__rt_ffs          kservice.o
    0x08000bf4   0x08000bf4   0x00000014   Code   RO         1549    i._has_defunct_thread  idle.o
    0x08000c08   0x08000c08   0x00000084   Code   RO         2161    i._rt_thread_init   thread.o
    0x08000c8c   0x08000c8c   0x00000042   Code   RO         2276    i._rt_timer_init    timer.o
    0x08000cce   0x08000cce   0x0000002e   Code   RO         2277    i._rt_timer_remove  timer.o
    0x08000cfc   0x08000cfc   0x00000134   Code   RO            5    i.main              main.o
    0x08000e30   0x08000e30   0x0000000e   Code   RO         1386    i.main_thread_entry  components.o
    0x08000e3e   0x08000e3e   0x0000000e   Code   RO         1387    i.mymain            components.o
    0x08000e4c   0x08000e4c   0x00000078   Code   RO         1948    i.plug_holes        mem.o
    0x08000ec4   0x08000ec4   0x0000018c   Code   RO         1761    i.print_number      kservice.o
    0x08001050   0x08001050   0x00000010   Code   RO          406    i.rgbBlueOff        rgb.o
    0x08001060   0x08001060   0x00000010   Code   RO          410    i.rgbGreenOff       rgb.o
    0x08001070   0x08001070   0x00000038   Code   RO          412    i.rgbInit           rgb.o
    0x080010a8   0x080010a8   0x00000010   Code   RO          415    i.rgbRedOff         rgb.o
    0x080010b8   0x080010b8   0x00000010   Code   RO          416    i.rgbRedOn          rgb.o
    0x080010c8   0x080010c8   0x00000030   Code   RO         1388    i.rt_application_init  components.o
    0x080010f8   0x080010f8   0x0000001c   Code   RO         1389    i.rt_components_board_init  components.o
    0x08001114   0x08001114   0x0000001c   Code   RO         1390    i.rt_components_init  components.o
    0x08001130   0x08001130   0x00000034   Code   RO         1763    i.rt_console_set_device  kservice.o
    0x08001164   0x08001164   0x00000036   Code   RO         1459    i.rt_device_close   device.o
    0x0800119a   0x0800119a   0x00000052   Code   RO         1463    i.rt_device_find    device.o
    0x080011ec   0x080011ec   0x000000b4   Code   RO         1466    i.rt_device_open    device.o
    0x080012a0   0x080012a0   0x0000003e   Code   RO         1472    i.rt_device_write   device.o
    0x080012de   0x080012de   0x00000002   PAD
    0x080012e0   0x080012e0   0x00000020   Code   RO         2080    i.rt_enter_critical  scheduler.o
    0x08001300   0x08001300   0x0000003c   Code   RO         2081    i.rt_exit_critical  scheduler.o
    0x0800133c   0x0800133c   0x000000e0   Code   RO         1950    i.rt_free           mem.o
    0x0800141c   0x0800141c   0x00000008   Code   RO          224    i.rt_heap_begin_get  board.o
    0x08001424   0x08001424   0x00000008   Code   RO          225    i.rt_heap_end_get   board.o
    0x0800142c   0x0800142c   0x000000b4   Code   RO          226    i.rt_hw_board_init  board.o
    0x080014e0   0x080014e0   0x00000050   Code   RO          227    i.rt_hw_console_output  board.o
    0x08001530   0x08001530   0x00000200   Code   RO         2385    i.rt_hw_hard_fault_exception  cpuport.o
    0x08001730   0x08001730   0x0000004c   Code   RO         2386    i.rt_hw_stack_init  cpuport.o
    0x0800177c   0x0800177c   0x00000020   Code   RO         1732    i.rt_interrupt_enter  irq.o
    0x0800179c   0x0800179c   0x0000000c   Code   RO         1733    i.rt_interrupt_get_nest  irq.o
    0x080017a8   0x080017a8   0x00000020   Code   RO         1734    i.rt_interrupt_leave  irq.o
    0x080017c8   0x080017c8   0x00000014   Code   RO         1589    i.rt_ipc_list_resume  ipc.o
    0x080017dc   0x080017dc   0x0000006c   Code   RO         1591    i.rt_ipc_list_suspend  ipc.o
    0x08001848   0x08001848   0x00000010   Code   RO         1592    i.rt_ipc_object_init  ipc.o
    0x08001858   0x08001858   0x00000068   Code   RO         1767    i.rt_kprintf        kservice.o
    0x080018c0   0x080018c0   0x00000006   Code   RO         1593    i.rt_list_init      ipc.o
    0x080018c6   0x080018c6   0x00000006   Code   RO         2082    i.rt_list_init      scheduler.o
    0x080018cc   0x080018cc   0x00000006   Code   RO         2278    i.rt_list_init      timer.o
    0x080018d2   0x080018d2   0x0000000e   Code   RO         2010    i.rt_list_insert_after  object.o
    0x080018e0   0x080018e0   0x0000000e   Code   RO         2162    i.rt_list_insert_after  thread.o
    0x080018ee   0x080018ee   0x0000000e   Code   RO         2279    i.rt_list_insert_after  timer.o
    0x080018fc   0x080018fc   0x0000000e   Code   RO         1594    i.rt_list_insert_before  ipc.o
    0x0800190a   0x0800190a   0x00000010   Code   RO         1595    i.rt_list_isempty   ipc.o
    0x0800191a   0x0800191a   0x00000010   Code   RO         2280    i.rt_list_isempty   timer.o
    0x0800192a   0x0800192a   0x00000012   Code   RO         2011    i.rt_list_remove    object.o
    0x0800193c   0x0800193c   0x00000012   Code   RO         2163    i.rt_list_remove    thread.o
    0x0800194e   0x0800194e   0x00000002   PAD
    0x08001950   0x08001950   0x0000016c   Code   RO         1951    i.rt_malloc         mem.o
    0x08001abc   0x08001abc   0x00000048   Code   RO         1773    i.rt_memset         kservice.o
    0x08001b04   0x08001b04   0x0000004a   Code   RO         2012    i.rt_object_allocate  object.o
    0x08001b4e   0x08001b4e   0x00000020   Code   RO         2013    i.rt_object_delete  object.o
    0x08001b6e   0x08001b6e   0x0000001a   Code   RO         2014    i.rt_object_detach  object.o
    0x08001b88   0x08001b88   0x00000028   Code   RO         2016    i.rt_object_get_information  object.o
    0x08001bb0   0x08001bb0   0x0000003c   Code   RO         2017    i.rt_object_init    object.o
    0x08001bec   0x08001bec   0x00000012   Code   RO         2018    i.rt_object_is_systemobject  object.o
    0x08001bfe   0x08001bfe   0x00000002   PAD
    0x08001c00   0x08001c00   0x00000090   Code   RO         2083    i.rt_schedule       scheduler.o
    0x08001c90   0x08001c90   0x00000050   Code   RO         2084    i.rt_schedule_insert_thread  scheduler.o
    0x08001ce0   0x08001ce0   0x00000054   Code   RO         2085    i.rt_schedule_remove_thread  scheduler.o
    0x08001d34   0x08001d34   0x00000026   Code   RO         1608    i.rt_sem_init       ipc.o
    0x08001d5a   0x08001d5a   0x0000003a   Code   RO         1609    i.rt_sem_release    ipc.o
    0x08001d94   0x08001d94   0x00000074   Code   RO         1610    i.rt_sem_take       ipc.o
    0x08001e08   0x08001e08   0x00000028   Code   RO         1774    i.rt_set_errno      kservice.o
    0x08001e30   0x08001e30   0x000000b0   Code   RO         1775    i.rt_show_version   kservice.o
    0x08001ee0   0x08001ee0   0x00000012   Code   RO         1781    i.rt_strlen         kservice.o
    0x08001ef2   0x08001ef2   0x00000028   Code   RO         1782    i.rt_strncmp        kservice.o
    0x08001f1a   0x08001f1a   0x00000034   Code   RO         1783    i.rt_strncpy        kservice.o
    0x08001f4e   0x08001f4e   0x00000002   PAD
    0x08001f50   0x08001f50   0x000000f8   Code   RO         1954    i.rt_system_heap_init  mem.o
    0x08002048   0x08002048   0x0000004c   Code   RO         2086    i.rt_system_scheduler_init  scheduler.o
    0x08002094   0x08002094   0x00000030   Code   RO         2087    i.rt_system_scheduler_start  scheduler.o
    0x080020c4   0x080020c4   0x0000001c   Code   RO         2281    i.rt_system_timer_init  timer.o
    0x080020e0   0x080020e0   0x00000002   Code   RO         2282    i.rt_system_timer_thread_init  timer.o
    0x080020e2   0x080020e2   0x00000050   Code   RO         2165    i.rt_thread_create  thread.o
    0x08002132   0x08002132   0x00000002   PAD
    0x08002134   0x08002134   0x00000054   Code   RO         2169    i.rt_thread_exit    thread.o
    0x08002188   0x08002188   0x00000008   Code   RO         1550    i.rt_thread_idle_entry  idle.o
    0x08002190   0x08002190   0x00000084   Code   RO         1551    i.rt_thread_idle_excute  idle.o
    0x08002214   0x08002214   0x0000003c   Code   RO         1553    i.rt_thread_idle_init  idle.o
    0x08002250   0x08002250   0x00000034   Code   RO         2171    i.rt_thread_init    thread.o
    0x08002284   0x08002284   0x0000003c   Code   RO         2172    i.rt_thread_resume  thread.o
    0x080022c0   0x080022c0   0x0000000c   Code   RO         2173    i.rt_thread_self    thread.o
    0x080022cc   0x080022cc   0x00000044   Code   RO         2174    i.rt_thread_sleep   thread.o
    0x08002310   0x08002310   0x0000002c   Code   RO         2175    i.rt_thread_startup  thread.o
    0x0800233c   0x0800233c   0x00000044   Code   RO         2176    i.rt_thread_suspend  thread.o
    0x08002380   0x08002380   0x00000020   Code   RO         2177    i.rt_thread_timeout  thread.o
    0x080023a0   0x080023a0   0x00000064   Code   RO         2178    i.rt_thread_yield   thread.o
    0x08002404   0x08002404   0x0000000c   Code   RO         1349    i.rt_tick_get       clock.o
    0x08002410   0x08002410   0x00000030   Code   RO         1350    i.rt_tick_increase  clock.o
    0x08002440   0x08002440   0x0000007c   Code   RO         2283    i.rt_timer_check    timer.o
    0x080024bc   0x080024bc   0x00000038   Code   RO         2284    i.rt_timer_control  timer.o
    0x080024f4   0x080024f4   0x00000020   Code   RO         2287    i.rt_timer_detach   timer.o
    0x08002514   0x08002514   0x0000002e   Code   RO         2288    i.rt_timer_init     timer.o
    0x08002542   0x08002542   0x00000002   PAD
    0x08002544   0x08002544   0x000000f8   Code   RO         2291    i.rt_timer_start    timer.o
    0x0800263c   0x0800263c   0x00000030   Code   RO         2292    i.rt_timer_stop     timer.o
    0x0800266c   0x0800266c   0x00000328   Code   RO         1786    i.rt_vsnprintf      kservice.o
    0x08002994   0x08002994   0x00000004   Code   RO         1391    i.rti_board_end     components.o
    0x08002998   0x08002998   0x00000004   Code   RO         1392    i.rti_board_start   components.o
    0x0800299c   0x0800299c   0x00000004   Code   RO         1393    i.rti_end           components.o
    0x080029a0   0x080029a0   0x00000004   Code   RO         1394    i.rti_start         components.o
    0x080029a4   0x080029a4   0x0000002a   Code   RO         1395    i.rtthread_startup  components.o
    0x080029ce   0x080029ce   0x00000002   PAD
    0x080029d0   0x080029d0   0x00000030   Code   RO            6    i.run_entry         main.o
    0x08002a00   0x08002a00   0x00000026   Code   RO         1788    i.skip_atoi         kservice.o
    0x08002a26   0x08002a26   0x0000000a   Code   RO          228    i.uart_init         board.o
    0x08002a30   0x08002a30   0x000000a4   Code   RO         1101    i.usart1Init        uart.o
    0x08002ad4   0x08002ad4   0x0000008c   Code   RO         1104    i.usart2Init        uart.o
    0x08002b60   0x08002b60   0x00000122   Data   RO         1790    .constdata          kservice.o
    0x08002c82   0x08002c82   0x00000002   PAD
    0x08002c84   0x08002c84   0x00000004   Data   RO         1396    .rti_fn.0           components.o
    0x08002c88   0x08002c88   0x00000004   Data   RO         1397    .rti_fn.0.end       components.o
    0x08002c8c   0x08002c8c   0x00000008   Data   RO          230    .rti_fn.1           board.o
    0x08002c94   0x08002c94   0x00000004   Data   RO         1398    .rti_fn.1.end       components.o
    0x08002c98   0x08002c98   0x00000004   Data   RO         1399    .rti_fn.6.end       components.o
    0x08002c9c   0x08002c9c   0x00000020   Data   RO         2749    Region$$Table       anon$$obj.o


    Execution Region RW_IRAM1 (Exec base: 0x20000000, Load base: 0x08002cbc, Size: 0x00002290, Max: 0x00010000, ABSOLUTE)

    Exec Addr    Load Addr    Size         Type   Attr      Idx    E Section Name        Object

    0x20000000   0x08002cbc   0x0000000c   Data   RW            7    .data               main.o
    0x2000000c   0x08002cc8   0x00000014   Data   RW          723    .data               stm32f10x_rcc.o
    0x20000020   0x08002cdc   0x00000032   Data   RW         1108    .data               uart.o
    0x20000052   0x08002d0e   0x00000002   PAD
    0x20000054   0x08002d10   0x00000014   Data   RW         1301    .data               system_stm32f10x.o
    0x20000068   0x08002d24   0x00000004   Data   RW         1352    .data               clock.o
    0x2000006c   0x08002d28   0x00000001   Data   RW         1735    .data               irq.o
    0x2000006d   0x08002d29   0x00000003   PAD
    0x20000070   0x08002d2c   0x00000008   Data   RW         1791    .data               kservice.o
    0x20000078   0x08002d34   0x00000018   Data   RW         1956    .data               mem.o
    0x20000090   0x08002d4c   0x00000050   Data   RW         2020    .data               object.o
    0x200000e0   0x08002d9c   0x00000018   Data   RW         2089    .data               scheduler.o
    0x200000f8   0x08002db4   0x0000000c   Data   RW         2293    .data               timer.o
    0x20000104   0x08002dc0   0x00000010   Data   RW         2387    .data               cpuport.o
    0x20000114        -       0x00001000   Zero   RW          229    .bss                board.o
    0x20001114        -       0x00000800   Zero   RW         1107    .bss                uart.o
    0x20001914        -       0x00000178   Zero   RW         1554    .bss                idle.o
    0x20001a8c        -       0x00000080   Zero   RW         1789    .bss                kservice.o
    0x20001b0c        -       0x00000020   Zero   RW         1955    .bss                mem.o
    0x20001b2c        -       0x00000100   Zero   RW         2088    .bss                scheduler.o
    0x20001c2c        -       0x00000060   Zero   RW         2616    .bss                c_w.l(libspace.o)
    0x20001c8c   0x08002dd0   0x00000004   PAD
    0x20001c90        -       0x00000200   Zero   RW         1341    HEAP                startup_stm32f10x_hd.o
    0x20001e90        -       0x00000400   Zero   RW         1340    STACK               startup_stm32f10x_hd.o


==============================================================================

Image component sizes


      Code (inc. data)   RO Data    RW Data    ZI Data      Debug   Object Name

       302         40          8          0       4096      29425   board.o
        60          4          0          0          0      16457   buzzer.o
        60         12          0          4          0       1113   clock.o
       204         30         16          0          0       5973   components.o
       240         26          0          0          0        764   context_rvds.o
       588        328          0         16          0       3190   cpuport.o
       378         58          0          0          0       3242   device.o
       220         30          0          0        376       4910   idle.o
       392          0          0          0          0       7477   ipc.o
        76         18          0          1          0       2014   irq.o
      1872        176        290          8        128      10444   kservice.o
       384        180          0         12          0     218401   main.o
       956        224          0         24         32       3796   mem.o
       112         12          0          0          0       1068   misc.o
       282          4          0         80          0       7396   object.o
       120         22          0          0          0       2168   rgb.o
       530         88          0         24        256       7622   scheduler.o
        64         26        304          0       1536        788   startup_stm32f10x_hd.o
       296          0          0          0          0      28252   stm32f10x_gpio.o
        18          0          0          0          0       2539   stm32f10x_it.o
       276         32          0         20          0       4390   stm32f10x_rcc.o
       442          6          0          0          0       6017   stm32f10x_usart.o
       328         28          0         20          0       2241   system_stm32f10x.o
       764         36          0          0          0      10233   thread.o
       732         20          0         12          0      10160   timer.o
       808        102          0         50       2048       4590   uart.o

    ----------------------------------------------------------------------
     10522       1502        652        276       8472     394670   Object Totals
         0          0         32          0          0          0   (incl. Generated)
        18          0          2          5          0          0   (incl. Padding)

    ----------------------------------------------------------------------

      Code (inc. data)   RO Data    RW Data    ZI Data      Debug   Library Member Name

         8          0          0          0          0         68   __main.o
         0          0          0          0          0          0   __rtentry.o
        12          0          0          0          0          0   __rtentry2.o
         6          0          0          0          0          0   __rtentry4.o
        52          8          0          0          0          0   __scatter.o
        26          0          0          0          0          0   __scatter_copy.o
        28          0          0          0          0          0   __scatter_zi.o
        18          0          0          0          0         80   exit.o
         6          0          0          0          0        152   heapauxi.o
         0          0          0          0          0          0   indicate_semi.o
         2          0          0          0          0          0   libinit.o
         2          0          0          0          0          0   libinit2.o
         2          0          0          0          0          0   libshutdown.o
         2          0          0          0          0          0   libshutdown2.o
         8          4          0          0         96         68   libspace.o
         2          0          0          0          0          0   rtexit.o
        10          0          0          0          0          0   rtexit2.o
        12          4          0          0          0         68   sys_exit.o
        74          0          0          0          0         80   sys_stackheap_outer.o
         2          0          0          0          0         68   use_no_semi.o

    ----------------------------------------------------------------------
       278         16          0          0        100        584   Library Totals
         6          0          0          0          4          0   (incl. Padding)

    ----------------------------------------------------------------------

      Code (inc. data)   RO Data    RW Data    ZI Data      Debug   Library Name

       272         16          0          0         96        584   c_w.l

    ----------------------------------------------------------------------
       278         16          0          0        100        584   Library Totals

    ----------------------------------------------------------------------

==============================================================================


      Code (inc. data)   RO Data    RW Data    ZI Data      Debug   

     10800       1518        652        276       8572     388178   Grand Totals
     10800       1518        652        276       8572     388178   ELF Image Totals
     10800       1518        652        276          0          0   ROM Totals

==============================================================================

    Total RO  Size (Code + RO Data)                11452 (  11.18kB)
    Total RW  Size (RW Data + ZI Data)              8848 (   8.64kB)
    Total ROM Size (Code + RO Data + RW Data)      11728 (  11.45kB)

==============================================================================

